2025-09-03 17:16:02,708 - WoodSortingSystem - INFO - Error handling system initialized
2025-09-03 17:16:03,290 - WoodSortingSystem - INFO - [CAMERA] CameraModule initialized (dev_mode=True)
2025-09-03 17:16:03,292 - WoodSortingSystem - INFO - [ARDUINO] ArduinoModule initialized
2025-09-03 17:16:03,292 - WoodSortingSystem - INFO - [GUI] WoodSortingApp initialized (dev_mode=True)
2025-09-03 17:16:04,182 - WoodSortingSystem - INFO - [GUI] Setting up module connections
2025-09-03 17:16:04,202 - WoodSortingSystem - INFO - [GUI] Error monitoring started
2025-09-03 17:16:21,599 - WoodSortingSystem - INFO - [GUI] Setting IDLE Mode
2025-09-03 17:16:21,625 - WoodSortingSystem - WARNING - [GUI] Failed to send idle mode command to Arduino
2025-09-03 17:16:22,920 - WoodSortingSystem - INFO - [GUI] Setting Trigger Mode
2025-09-03 17:16:22,921 - WoodSortingSystem - WARNING - [GUI] Failed to send trigger mode command to Arduino
2025-09-03 17:16:24,608 - WoodSortingSystem - INFO - [GUI] Setting Continuous Mode
2025-09-03 17:16:24,609 - WoodSortingSystem - WARNING - [GUI] Failed to send continuous mode command to Arduino
2025-09-03 17:16:32,996 - WoodSortingSystem - INFO - [GUI] Setting IDLE Mode
2025-09-03 17:16:32,996 - WoodSortingSystem - WARNING - [GUI] Failed to send idle mode command to Arduino
2025-09-03 17:16:38,664 - WoodSortingSystem - INFO - [GUI] Application closing - starting cleanup
2025-09-03 17:16:38,665 - WoodSortingSystem - INFO - [CAMERA] Releasing cameras and stopping monitoring
2025-09-03 17:16:38,665 - WoodSortingSystem - INFO - [CAMERA] All cameras released and monitoring stopped
2025-09-03 17:16:38,666 - WoodSortingSystem - INFO - [GUI] Application cleanup completed
2025-09-05 12:24:03,474 - WoodSortingSystem - INFO - Error handling system initialized
2025-09-05 12:24:03,687 - WoodSortingSystem - INFO - [CAMERA] CameraModule initialized (dev_mode=True)
2025-09-05 12:24:03,688 - WoodSortingSystem - INFO - [ARDUINO] ArduinoModule initialized
2025-09-05 12:24:03,688 - WoodSortingSystem - INFO - [GUI] WoodSortingApp initialized (dev_mode=True)
2025-09-05 12:24:03,768 - WoodSortingSystem - INFO - [GUI] Setting up module connections
2025-09-05 12:24:03,771 - WoodSortingSystem - INFO - [GUI] Error monitoring started
2025-09-05 12:25:15,199 - WoodSortingSystem - INFO - [GUI] Setting Continuous Mode
2025-09-05 12:25:15,200 - WoodSortingSystem - WARNING - [GUI] Failed to send continuous mode command to Arduino
2025-09-05 12:25:17,197 - WoodSortingSystem - INFO - [GUI] Setting IDLE Mode
2025-09-05 12:25:17,198 - WoodSortingSystem - WARNING - [GUI] Failed to send idle mode command to Arduino
2025-09-05 12:25:20,783 - WoodSortingSystem - INFO - [GUI] Application closing - starting cleanup
2025-09-05 12:25:20,784 - WoodSortingSystem - INFO - [CAMERA] Releasing cameras and stopping monitoring
2025-09-05 12:25:20,784 - WoodSortingSystem - INFO - [CAMERA] All cameras released and monitoring stopped
2025-09-05 12:25:20,784 - WoodSortingSystem - INFO - [GUI] Application cleanup completed
2025-09-05 12:25:26,110 - WoodSortingSystem - INFO - Error handling system initialized
2025-09-05 12:25:26,231 - WoodSortingSystem - INFO - [CAMERA] CameraModule initialized (dev_mode=False)
2025-09-05 12:25:26,231 - WoodSortingSystem - INFO - [ARDUINO] ArduinoModule initialized
2025-09-05 12:25:26,231 - WoodSortingSystem - INFO - [GUI] WoodSortingApp initialized (dev_mode=False)
2025-09-05 12:25:26,265 - WoodSortingSystem - INFO - [GUI] Setting up module connections
2025-09-05 12:25:26,265 - WoodSortingSystem - INFO - [CAMERA] Initializing top camera (index 0)
2025-09-05 12:25:27,619 - WoodSortingSystem - INFO - [CAMERA] Top camera initialized successfully (Context: width=1280.0, height=720.0, index=0)
2025-09-05 12:25:27,619 - WoodSortingSystem - INFO - [CAMERA] Initializing bottom camera (index 2)
2025-09-05 12:25:28,452 - WoodSortingSystem - INFO - [CAMERA] Bottom camera initialized successfully (Context: width=1280.0, height=720.0, index=2)
2025-09-05 12:25:28,452 - WoodSortingSystem - INFO - [CAMERA] Started camera connection monitoring
2025-09-05 12:25:28,570 - WoodSortingSystem - INFO - [GUI] Error monitoring started
2025-09-05 12:26:53,501 - WoodSortingSystem - INFO - [GUI] Manual report generation requested
2025-09-05 12:27:31,348 - WoodSortingSystem - INFO - [GUI] Application closing - starting cleanup
2025-09-05 12:27:31,348 - WoodSortingSystem - INFO - [CAMERA] Releasing cameras and stopping monitoring
2025-09-05 12:27:34,349 - WoodSortingSystem - INFO - [CAMERA] Top camera released
2025-09-05 12:27:34,493 - WoodSortingSystem - INFO - [CAMERA] Bottom camera released
2025-09-05 12:27:34,493 - WoodSortingSystem - INFO - [CAMERA] All cameras released and monitoring stopped
2025-09-05 12:27:34,493 - WoodSortingSystem - INFO - [ARDUINO] Closing Arduino connection
2025-09-05 12:27:34,494 - WoodSortingSystem - INFO - [ARDUINO] Arduino module shutdown complete
2025-09-05 12:27:34,494 - WoodSortingSystem - INFO - [GUI] Application cleanup completed
2025-09-05 12:28:43,737 - WoodSortingSystem - INFO - Error handling system initialized
2025-09-05 12:28:44,211 - WoodSortingSystem - INFO - [CAMERA] CameraModule initialized (dev_mode=False)
2025-09-05 12:28:44,211 - WoodSortingSystem - INFO - [ARDUINO] ArduinoModule initialized
2025-09-05 12:28:44,211 - WoodSortingSystem - INFO - [GUI] WoodSortingApp initialized (dev_mode=False)
2025-09-05 12:28:44,245 - WoodSortingSystem - INFO - [GUI] Setting up module connections
2025-09-05 12:28:44,245 - WoodSortingSystem - INFO - [CAMERA] Initializing top camera (index 0)
2025-09-05 12:28:45,680 - WoodSortingSystem - INFO - [CAMERA] Top camera initialized successfully (Context: width=1280.0, height=720.0, index=0)
2025-09-05 12:28:45,680 - WoodSortingSystem - INFO - [CAMERA] Initializing bottom camera (index 2)
2025-09-05 12:28:46,422 - WoodSortingSystem - INFO - [CAMERA] Bottom camera initialized successfully (Context: width=1280.0, height=720.0, index=2)
2025-09-05 12:28:46,423 - WoodSortingSystem - INFO - [CAMERA] Started camera connection monitoring
2025-09-05 12:28:46,529 - WoodSortingSystem - INFO - [GUI] Error monitoring started
2025-09-05 12:28:51,026 - WoodSortingSystem - INFO - [GUI] Application closing - starting cleanup
2025-09-05 12:28:51,027 - WoodSortingSystem - INFO - [CAMERA] Releasing cameras and stopping monitoring
2025-09-05 12:28:54,028 - WoodSortingSystem - INFO - [CAMERA] Top camera released
2025-09-05 12:28:54,154 - WoodSortingSystem - INFO - [CAMERA] Bottom camera released
2025-09-05 12:28:54,154 - WoodSortingSystem - INFO - [CAMERA] All cameras released and monitoring stopped
2025-09-05 12:28:54,154 - WoodSortingSystem - INFO - [ARDUINO] Closing Arduino connection
2025-09-05 12:28:54,155 - WoodSortingSystem - INFO - [ARDUINO] Arduino module shutdown complete
2025-09-05 12:28:54,155 - WoodSortingSystem - INFO - [GUI] Application cleanup completed
2025-09-05 12:29:20,365 - WoodSortingSystem - INFO - Error handling system initialized
2025-09-05 12:29:20,791 - WoodSortingSystem - INFO - [CAMERA] CameraModule initialized (dev_mode=False)
2025-09-05 12:29:20,791 - WoodSortingSystem - INFO - [ARDUINO] ArduinoModule initialized
2025-09-05 12:29:20,791 - WoodSortingSystem - INFO - [GUI] WoodSortingApp initialized (dev_mode=False)
2025-09-05 12:29:20,823 - WoodSortingSystem - INFO - [GUI] Setting up module connections
2025-09-05 12:29:20,823 - WoodSortingSystem - INFO - [CAMERA] Initializing top camera (index 0)
2025-09-05 12:29:22,159 - WoodSortingSystem - INFO - [CAMERA] Top camera initialized successfully (Context: width=1280.0, height=720.0, index=0)
2025-09-05 12:29:22,159 - WoodSortingSystem - INFO - [CAMERA] Initializing bottom camera (index 2)
2025-09-05 12:29:22,870 - WoodSortingSystem - INFO - [CAMERA] Bottom camera initialized successfully (Context: width=1280.0, height=720.0, index=2)
2025-09-05 12:29:22,870 - WoodSortingSystem - INFO - [CAMERA] Started camera connection monitoring
2025-09-05 12:29:22,977 - WoodSortingSystem - INFO - [GUI] Error monitoring started
2025-09-05 12:29:27,507 - WoodSortingSystem - INFO - [GUI] Setting Continuous Mode
2025-09-05 12:29:27,508 - WoodSortingSystem - INFO - [ARDUINO] Queued command: 'C'
2025-09-05 12:29:27,508 - WoodSortingSystem - INFO - [GUI] Continuous mode command sent to Arduino successfully
2025-09-05 12:29:31,684 - WoodSortingSystem - INFO - [GUI] Setting IDLE Mode
2025-09-05 12:29:31,684 - WoodSortingSystem - INFO - [ARDUINO] Queued command: 'X'
2025-09-05 12:29:31,684 - WoodSortingSystem - INFO - [GUI] IDLE mode command sent to Arduino successfully
2025-09-05 12:29:34,047 - WoodSortingSystem - INFO - [GUI] Application closing - starting cleanup
2025-09-05 12:29:34,047 - WoodSortingSystem - INFO - [CAMERA] Releasing cameras and stopping monitoring
2025-09-05 12:29:37,048 - WoodSortingSystem - INFO - [CAMERA] Top camera released
2025-09-05 12:29:37,204 - WoodSortingSystem - INFO - [CAMERA] Bottom camera released
2025-09-05 12:29:37,204 - WoodSortingSystem - INFO - [CAMERA] All cameras released and monitoring stopped
2025-09-05 12:29:37,204 - WoodSortingSystem - INFO - [ARDUINO] Closing Arduino connection
2025-09-05 12:29:37,204 - WoodSortingSystem - INFO - [ARDUINO] Arduino module shutdown complete
2025-09-05 12:29:37,204 - WoodSortingSystem - INFO - [GUI] Application cleanup completed
2025-09-05 12:33:22,418 - WoodSortingSystem - INFO - Error handling system initialized
2025-09-05 12:33:22,851 - WoodSortingSystem - INFO - [CAMERA] CameraModule initialized (dev_mode=False)
2025-09-05 12:33:22,851 - WoodSortingSystem - INFO - [ARDUINO] ArduinoModule initialized
2025-09-05 12:33:22,852 - WoodSortingSystem - INFO - [GUI] WoodSortingApp initialized (dev_mode=False)
2025-09-05 12:33:22,883 - WoodSortingSystem - INFO - [GUI] Setting up module connections
2025-09-05 12:33:22,883 - WoodSortingSystem - INFO - [CAMERA] Initializing top camera (index 0)
2025-09-05 12:33:24,220 - WoodSortingSystem - INFO - [CAMERA] Top camera initialized successfully (Context: width=1280.0, height=720.0, index=0)
2025-09-05 12:33:24,220 - WoodSortingSystem - INFO - [CAMERA] Initializing bottom camera (index 2)
2025-09-05 12:33:24,988 - WoodSortingSystem - INFO - [CAMERA] Bottom camera initialized successfully (Context: width=1280.0, height=720.0, index=2)
2025-09-05 12:33:24,989 - WoodSortingSystem - INFO - [CAMERA] Started camera connection monitoring
2025-09-05 12:33:25,096 - WoodSortingSystem - INFO - [GUI] Error monitoring started
2025-09-05 12:33:31,879 - WoodSortingSystem - INFO - [GUI] Application closing - starting cleanup
2025-09-05 12:33:31,879 - WoodSortingSystem - INFO - [CAMERA] Releasing cameras and stopping monitoring
2025-09-05 12:33:34,881 - WoodSortingSystem - INFO - [CAMERA] Top camera released
2025-09-05 12:33:35,021 - WoodSortingSystem - INFO - [CAMERA] Bottom camera released
2025-09-05 12:33:35,021 - WoodSortingSystem - INFO - [CAMERA] All cameras released and monitoring stopped
2025-09-05 12:33:35,021 - WoodSortingSystem - INFO - [ARDUINO] Closing Arduino connection
2025-09-05 12:33:35,021 - WoodSortingSystem - INFO - [ARDUINO] Arduino module shutdown complete
2025-09-05 12:33:35,021 - WoodSortingSystem - INFO - [GUI] Application cleanup completed
2025-09-05 12:37:46,484 - WoodSortingSystem - INFO - Error handling system initialized
2025-09-05 12:37:47,139 - WoodSortingSystem - INFO - [CAMERA] CameraModule initialized (dev_mode=False)
2025-09-05 12:37:47,139 - WoodSortingSystem - INFO - [ARDUINO] ArduinoModule initialized
2025-09-05 12:37:47,139 - WoodSortingSystem - INFO - [GUI] WoodSortingApp initialized (dev_mode=False)
2025-09-05 12:37:47,171 - WoodSortingSystem - INFO - [GUI] Setting up module connections
2025-09-05 12:37:47,172 - WoodSortingSystem - INFO - [CAMERA] Initializing top camera (index 0)
2025-09-05 12:37:48,507 - WoodSortingSystem - INFO - [CAMERA] Top camera initialized successfully (Context: width=1280.0, height=720.0, index=0)
2025-09-05 12:37:48,508 - WoodSortingSystem - INFO - [CAMERA] Initializing bottom camera (index 2)
2025-09-05 12:37:49,208 - WoodSortingSystem - INFO - [CAMERA] Bottom camera initialized successfully (Context: width=1280.0, height=720.0, index=2)
2025-09-05 12:37:49,208 - WoodSortingSystem - INFO - [CAMERA] Started camera connection monitoring
2025-09-05 12:37:49,314 - WoodSortingSystem - INFO - [GUI] Error monitoring started
2025-09-05 12:37:55,674 - WoodSortingSystem - INFO - [GUI] Setting Continuous Mode
2025-09-05 12:37:55,674 - WoodSortingSystem - INFO - [ARDUINO] Queued command: 'C'
2025-09-05 12:37:55,674 - WoodSortingSystem - INFO - [GUI] Continuous mode command sent to Arduino successfully
2025-09-05 12:38:00,253 - WoodSortingSystem - INFO - [GUI] Setting IDLE Mode
2025-09-05 12:38:00,253 - WoodSortingSystem - INFO - [ARDUINO] Queued command: 'X'
2025-09-05 12:38:00,253 - WoodSortingSystem - INFO - [GUI] IDLE mode command sent to Arduino successfully
2025-09-05 12:38:11,569 - WoodSortingSystem - INFO - [GUI] Application closing - starting cleanup
2025-09-05 12:38:11,570 - WoodSortingSystem - INFO - [CAMERA] Releasing cameras and stopping monitoring
2025-09-05 12:38:14,571 - WoodSortingSystem - INFO - [CAMERA] Top camera released
2025-09-05 12:38:14,741 - WoodSortingSystem - INFO - [CAMERA] Bottom camera released
2025-09-05 12:38:14,742 - WoodSortingSystem - INFO - [CAMERA] All cameras released and monitoring stopped
2025-09-05 12:38:14,742 - WoodSortingSystem - INFO - [ARDUINO] Closing Arduino connection
2025-09-05 12:38:14,742 - WoodSortingSystem - INFO - [ARDUINO] Arduino module shutdown complete
2025-09-05 12:38:14,742 - WoodSortingSystem - INFO - [GUI] Application cleanup completed
2025-09-05 12:40:29,755 - WoodSortingSystem - INFO - Error handling system initialized
2025-09-05 12:40:30,399 - WoodSortingSystem - INFO - [CAMERA] CameraModule initialized (dev_mode=False)
2025-09-05 12:40:30,399 - WoodSortingSystem - INFO - [ARDUINO] ArduinoModule initialized
2025-09-05 12:40:30,399 - WoodSortingSystem - INFO - [GUI] WoodSortingApp initialized (dev_mode=False)
2025-09-05 12:40:30,432 - WoodSortingSystem - INFO - [GUI] Setting up module connections
2025-09-05 12:40:30,432 - WoodSortingSystem - INFO - [CAMERA] Initializing top camera (index 0)
2025-09-05 12:40:31,768 - WoodSortingSystem - INFO - [CAMERA] Top camera initialized successfully (Context: width=1280.0, height=720.0, index=0)
2025-09-05 12:40:31,768 - WoodSortingSystem - INFO - [CAMERA] Initializing bottom camera (index 2)
2025-09-05 12:40:32,464 - WoodSortingSystem - INFO - [CAMERA] Bottom camera initialized successfully (Context: width=1280.0, height=720.0, index=2)
2025-09-05 12:40:32,465 - WoodSortingSystem - INFO - [CAMERA] Started camera connection monitoring
2025-09-05 12:40:32,572 - WoodSortingSystem - INFO - [GUI] Error monitoring started
2025-09-05 12:40:35,200 - WoodSortingSystem - INFO - [GUI] Setting Continuous Mode
2025-09-05 12:40:35,201 - WoodSortingSystem - INFO - [ARDUINO] Queued command: 'C'
2025-09-05 12:40:35,201 - WoodSortingSystem - INFO - [GUI] Continuous mode command sent to Arduino successfully
2025-09-05 12:40:51,784 - WoodSortingSystem - INFO - [GUI] Setting IDLE Mode
2025-09-05 12:40:51,784 - WoodSortingSystem - INFO - [ARDUINO] Queued command: 'X'
2025-09-05 12:40:51,784 - WoodSortingSystem - INFO - [GUI] IDLE mode command sent to Arduino successfully
2025-09-05 12:40:54,730 - WoodSortingSystem - INFO - [GUI] Setting Continuous Mode
2025-09-05 12:40:54,732 - WoodSortingSystem - INFO - [ARDUINO] Queued command: 'C'
2025-09-05 12:40:54,732 - WoodSortingSystem - INFO - [GUI] Continuous mode command sent to Arduino successfully
2025-09-05 12:40:56,105 - WoodSortingSystem - INFO - [GUI] Setting IDLE Mode
2025-09-05 12:40:56,106 - WoodSortingSystem - INFO - [ARDUINO] Queued command: 'X'
2025-09-05 12:40:56,106 - WoodSortingSystem - INFO - [GUI] IDLE mode command sent to Arduino successfully
2025-09-05 12:42:34,395 - WoodSortingSystem - INFO - [GUI] Application closing - starting cleanup
2025-09-05 12:42:34,395 - WoodSortingSystem - INFO - [CAMERA] Releasing cameras and stopping monitoring
2025-09-05 12:42:37,396 - WoodSortingSystem - INFO - [CAMERA] Top camera released
2025-09-05 12:42:37,598 - WoodSortingSystem - INFO - [CAMERA] Bottom camera released
2025-09-05 12:42:37,598 - WoodSortingSystem - INFO - [CAMERA] All cameras released and monitoring stopped
2025-09-05 12:42:37,598 - WoodSortingSystem - INFO - [ARDUINO] Closing Arduino connection
2025-09-05 12:42:37,599 - WoodSortingSystem - INFO - [ARDUINO] Arduino module shutdown complete
2025-09-05 12:42:37,599 - WoodSortingSystem - INFO - [GUI] Application cleanup completed
2025-09-26 02:20:07,244 - WoodSortingSystem - INFO - Error handling system initialized
2025-09-26 02:20:07,522 - WoodSortingSystem - INFO - [CAMERA] CameraModule initialized (dev_mode=False)
2025-09-26 02:20:07,522 - WoodSortingSystem - INFO - [ARDUINO] ArduinoModule initialized
2025-09-26 02:20:07,523 - WoodSortingSystem - INFO - [GUI] WoodSortingApp initialized (dev_mode=False)
2025-09-26 02:20:07,600 - WoodSortingSystem - INFO - [GUI] Setting up module connections
2025-09-26 02:20:07,600 - WoodSortingSystem - INFO - [CAMERA] Initializing top camera (index 0)
2025-09-26 02:20:08,963 - WoodSortingSystem - INFO - [CAMERA] Top camera initialized successfully (Context: width=1280.0, height=720.0, index=0)
2025-09-26 02:20:08,963 - WoodSortingSystem - INFO - [CAMERA] Initializing bottom camera (index 2)
2025-09-26 02:20:09,664 - WoodSortingSystem - INFO - [CAMERA] Bottom camera initialized successfully (Context: width=1280.0, height=720.0, index=2)
2025-09-26 02:20:09,665 - WoodSortingSystem - INFO - [CAMERA] Started camera connection monitoring
2025-09-26 02:20:09,831 - WoodSortingSystem - INFO - [GUI] Error monitoring started
2025-09-26 02:20:15,274 - WoodSortingSystem - INFO - [GUI] Application closing - starting cleanup
2025-09-26 02:20:15,274 - WoodSortingSystem - INFO - [CAMERA] Releasing cameras and stopping monitoring
2025-09-26 02:20:18,275 - WoodSortingSystem - INFO - [CAMERA] Top camera released
2025-09-26 02:20:18,496 - WoodSortingSystem - INFO - [CAMERA] Bottom camera released
2025-09-26 02:20:18,496 - WoodSortingSystem - INFO - [CAMERA] All cameras released and monitoring stopped
2025-09-26 02:20:18,496 - WoodSortingSystem - INFO - [ARDUINO] Closing Arduino connection
2025-09-26 02:20:18,496 - WoodSortingSystem - INFO - [ARDUINO] Arduino module shutdown complete
2025-09-26 02:20:18,496 - WoodSortingSystem - INFO - [GUI] Application cleanup completed
2025-09-26 02:25:59,777 - WoodSortingSystem - INFO - Error handling system initialized
2025-09-26 02:26:00,505 - WoodSortingSystem - INFO - [CAMERA] CameraModule initialized (dev_mode=False)
2025-09-26 02:26:00,505 - WoodSortingSystem - INFO - [ARDUINO] ArduinoModule initialized
2025-09-26 02:26:00,505 - WoodSortingSystem - INFO - [GUI] WoodSortingApp initialized (dev_mode=False)
2025-09-26 02:26:00,541 - WoodSortingSystem - INFO - [GUI] Setting up module connections
2025-09-26 02:26:00,541 - WoodSortingSystem - INFO - [CAMERA] Initializing top camera (index 0)
2025-09-26 02:26:01,878 - WoodSortingSystem - INFO - [CAMERA] Top camera initialized successfully (Context: width=1280.0, height=720.0, index=0)
2025-09-26 02:26:01,878 - WoodSortingSystem - INFO - [CAMERA] Initializing bottom camera (index 2)
2025-09-26 02:26:02,594 - WoodSortingSystem - INFO - [CAMERA] Bottom camera initialized successfully (Context: width=1280.0, height=720.0, index=2)
2025-09-26 02:26:02,594 - WoodSortingSystem - INFO - [CAMERA] Started camera connection monitoring
2025-09-26 02:26:02,700 - WoodSortingSystem - INFO - [GUI] Error monitoring started
2025-09-26 02:26:24,335 - WoodSortingSystem - INFO - [GUI] Live detection mode toggled: True
2025-09-26 02:26:33,402 - WoodSortingSystem - INFO - [GUI] Auto grade mode toggled: True
2025-09-26 02:26:34,908 - WoodSortingSystem - INFO - [GUI] Auto grade mode toggled: False
2025-09-26 02:26:35,916 - WoodSortingSystem - INFO - [GUI] Live detection mode toggled: False
2025-09-26 02:26:50,013 - WoodSortingSystem - INFO - [GUI] Application closing - starting cleanup
2025-09-26 02:26:50,014 - WoodSortingSystem - INFO - [CAMERA] Releasing cameras and stopping monitoring
2025-09-26 02:26:52,596 - WoodSortingSystem - INFO - [CAMERA] Top camera released
2025-09-26 02:26:52,826 - WoodSortingSystem - INFO - [CAMERA] Bottom camera released
2025-09-26 02:26:52,826 - WoodSortingSystem - INFO - [CAMERA] All cameras released and monitoring stopped
2025-09-26 02:26:52,826 - WoodSortingSystem - INFO - [ARDUINO] Closing Arduino connection
2025-09-26 02:26:52,826 - WoodSortingSystem - INFO - [ARDUINO] Arduino module shutdown complete
2025-09-26 02:26:52,826 - WoodSortingSystem - INFO - [GUI] Application cleanup completed
2025-09-26 02:29:19,588 - WoodSortingSystem - INFO - Error handling system initialized
2025-09-26 02:29:20,241 - WoodSortingSystem - INFO - [CAMERA] CameraModule initialized (dev_mode=False)
2025-09-26 02:29:20,242 - WoodSortingSystem - INFO - [ARDUINO] ArduinoModule initialized
2025-09-26 02:29:20,242 - WoodSortingSystem - INFO - [GUI] WoodSortingApp initialized (dev_mode=False)
2025-09-26 02:29:20,275 - WoodSortingSystem - INFO - [GUI] Setting up module connections
2025-09-26 02:29:20,275 - WoodSortingSystem - INFO - [CAMERA] Initializing top camera (index 0)
2025-09-26 02:29:21,609 - WoodSortingSystem - INFO - [CAMERA] Top camera initialized successfully (Context: width=1280.0, height=720.0, index=0)
2025-09-26 02:29:21,610 - WoodSortingSystem - INFO - [CAMERA] Initializing bottom camera (index 2)
2025-09-26 02:29:22,316 - WoodSortingSystem - INFO - [CAMERA] Bottom camera initialized successfully (Context: width=1280.0, height=720.0, index=2)
2025-09-26 02:29:22,316 - WoodSortingSystem - INFO - [CAMERA] Started camera connection monitoring
2025-09-26 02:29:22,422 - WoodSortingSystem - INFO - [GUI] Error monitoring started
2025-09-26 02:29:24,825 - WoodSortingSystem - INFO - [GUI] Live detection mode toggled: True
2025-09-26 02:29:26,626 - WoodSortingSystem - INFO - [GUI] Live detection mode toggled: False
2025-09-26 02:29:29,071 - WoodSortingSystem - INFO - [GUI] Application closing - starting cleanup
2025-09-26 02:29:29,071 - WoodSortingSystem - INFO - [CAMERA] Releasing cameras and stopping monitoring
2025-09-26 02:29:32,072 - WoodSortingSystem - INFO - [CAMERA] Top camera released
2025-09-26 02:29:32,248 - WoodSortingSystem - INFO - [CAMERA] Bottom camera released
2025-09-26 02:29:32,248 - WoodSortingSystem - INFO - [CAMERA] All cameras released and monitoring stopped
2025-09-26 02:29:32,248 - WoodSortingSystem - INFO - [ARDUINO] Closing Arduino connection
2025-09-26 02:29:32,248 - WoodSortingSystem - INFO - [ARDUINO] Arduino module shutdown complete
2025-09-26 02:29:32,248 - WoodSortingSystem - INFO - [GUI] Application cleanup completed
2025-09-26 02:35:05,849 - WoodSortingSystem - INFO - Error handling system initialized
2025-09-26 02:35:06,481 - WoodSortingSystem - INFO - [CAMERA] CameraModule initialized (dev_mode=False)
2025-09-26 02:35:06,482 - WoodSortingSystem - INFO - [ARDUINO] ArduinoModule initialized
2025-09-26 02:35:06,482 - WoodSortingSystem - INFO - [GUI] WoodSortingApp initialized (dev_mode=False)
2025-09-26 02:35:06,520 - WoodSortingSystem - INFO - [GUI] Setting up module connections
2025-09-26 02:35:06,520 - WoodSortingSystem - INFO - [CAMERA] Initializing top camera (index 0)
2025-09-26 02:35:07,854 - WoodSortingSystem - INFO - [CAMERA] Top camera initialized successfully (Context: width=1280.0, height=720.0, index=0)
2025-09-26 02:35:07,854 - WoodSortingSystem - INFO - [CAMERA] Initializing bottom camera (index 2)
2025-09-26 02:35:08,489 - WoodSortingSystem - INFO - [CAMERA] Bottom camera initialized successfully (Context: width=1280.0, height=720.0, index=2)
2025-09-26 02:35:08,490 - WoodSortingSystem - INFO - [CAMERA] Started camera connection monitoring
2025-09-26 02:35:08,596 - WoodSortingSystem - INFO - [GUI] Error monitoring started
2025-09-26 02:35:33,433 - WoodSortingSystem - INFO - [GUI] Live detection mode toggled: True
2025-09-26 02:35:37,060 - WoodSortingSystem - INFO - [GUI] Live detection mode toggled: False
2025-09-26 02:53:45,834 - WoodSortingSystem - INFO - Error handling system initialized
2025-09-26 02:53:46,497 - WoodSortingSystem - INFO - [CAMERA] CameraModule initialized (dev_mode=False)
2025-09-26 02:53:46,498 - WoodSortingSystem - INFO - [ARDUINO] ArduinoModule initialized
2025-09-26 02:53:46,498 - WoodSortingSystem - INFO - [GUI] WoodSortingApp initialized (dev_mode=False)
2025-09-26 02:53:46,534 - WoodSortingSystem - INFO - [GUI] Setting up module connections
2025-09-26 02:53:46,534 - WoodSortingSystem - INFO - [CAMERA] Initializing top camera (index 0)
2025-09-26 02:53:47,870 - WoodSortingSystem - INFO - [CAMERA] Top camera initialized successfully (Context: width=1280.0, height=720.0, index=0)
2025-09-26 02:53:47,870 - WoodSortingSystem - INFO - [CAMERA] Initializing bottom camera (index 2)
2025-09-26 02:53:48,646 - WoodSortingSystem - INFO - [CAMERA] Bottom camera initialized successfully (Context: width=1280.0, height=720.0, index=2)
2025-09-26 02:53:48,647 - WoodSortingSystem - INFO - [CAMERA] Started camera connection monitoring
2025-09-26 02:53:48,754 - WoodSortingSystem - INFO - [GUI] Error monitoring started
2025-09-26 02:53:52,010 - WoodSortingSystem - INFO - [GUI] Live detection mode toggled: True
2025-09-27 03:49:12,958 - WoodSortingSystem - INFO - Error handling system initialized
2025-09-27 03:49:13,971 - WoodSortingSystem - INFO - [CAMERA] CameraModule initialized (dev_mode=False)
2025-09-27 03:49:13,972 - WoodSortingSystem - INFO - [ARDUINO] ArduinoModule initialized
2025-09-27 03:49:13,973 - WoodSortingSystem - INFO - [GUI] WoodSortingApp initialized (dev_mode=False)
2025-09-27 03:49:14,079 - WoodSortingSystem - INFO - [GUI] Setting up module connections
2025-09-27 03:49:14,080 - WoodSortingSystem - INFO - [CAMERA] Initializing top camera (index 0)
2025-09-27 03:49:15,417 - WoodSortingSystem - INFO - [CAMERA] Top camera initialized successfully (Context: width=1280.0, height=720.0, index=0)
2025-09-27 03:49:15,417 - WoodSortingSystem - INFO - [CAMERA] Initializing bottom camera (index 2)
2025-09-27 03:49:16,152 - WoodSortingSystem - INFO - [CAMERA] Bottom camera initialized successfully (Context: width=1280.0, height=720.0, index=2)
2025-09-27 03:49:16,153 - WoodSortingSystem - INFO - [CAMERA] Started camera connection monitoring
2025-09-27 03:49:16,271 - WoodSortingSystem - INFO - [GUI] Error monitoring started
2025-09-27 03:49:23,681 - WoodSortingSystem - INFO - [GUI] Live detection mode toggled: True
2025-09-27 03:49:24,992 - WoodSortingSystem - INFO - [GUI] Auto grade mode toggled: True
2025-09-27 03:54:07,628 - WoodSortingSystem - INFO - Error handling system initialized
2025-09-27 03:54:08,571 - WoodSortingSystem - INFO - [CAMERA] CameraModule initialized (dev_mode=False)
2025-09-27 03:54:08,573 - WoodSortingSystem - INFO - [ARDUINO] ArduinoModule initialized
2025-09-27 03:54:08,574 - WoodSortingSystem - INFO - [GUI] WoodSortingApp initialized (dev_mode=False)
2025-09-27 03:54:08,628 - WoodSortingSystem - INFO - [GUI] Setting up module connections
2025-09-27 03:54:08,629 - WoodSortingSystem - INFO - [CAMERA] Initializing top camera (index 0)
2025-09-27 03:54:09,965 - WoodSortingSystem - INFO - [CAMERA] Top camera initialized successfully (Context: width=1280.0, height=720.0, index=0)
2025-09-27 03:54:09,965 - WoodSortingSystem - INFO - [CAMERA] Initializing bottom camera (index 2)
2025-09-27 03:54:10,728 - WoodSortingSystem - INFO - [CAMERA] Bottom camera initialized successfully (Context: width=1280.0, height=720.0, index=2)
2025-09-27 03:54:10,728 - WoodSortingSystem - INFO - [CAMERA] Started camera connection monitoring
2025-09-27 03:54:10,838 - WoodSortingSystem - INFO - [GUI] Error monitoring started
2025-09-27 03:57:53,910 - WoodSortingSystem - INFO - Error handling system initialized
2025-09-27 03:57:55,184 - WoodSortingSystem - INFO - [CAMERA] CameraModule initialized (dev_mode=False)
2025-09-27 03:57:55,185 - WoodSortingSystem - INFO - [ARDUINO] ArduinoModule initialized
2025-09-27 03:57:55,185 - WoodSortingSystem - INFO - [GUI] WoodSortingApp initialized (dev_mode=False)
2025-09-27 03:57:55,234 - WoodSortingSystem - INFO - [GUI] Setting up module connections
2025-09-27 03:57:55,235 - WoodSortingSystem - INFO - [CAMERA] Initializing top camera (index 0)
2025-09-27 03:57:56,568 - WoodSortingSystem - INFO - [CAMERA] Top camera initialized successfully (Context: width=1280.0, height=720.0, index=0)
2025-09-27 03:57:56,568 - WoodSortingSystem - INFO - [CAMERA] Initializing bottom camera (index 2)
2025-09-27 03:57:57,315 - WoodSortingSystem - INFO - [CAMERA] Bottom camera initialized successfully (Context: width=1280.0, height=720.0, index=2)
2025-09-27 03:57:57,315 - WoodSortingSystem - INFO - [CAMERA] Started camera connection monitoring
2025-09-27 03:57:57,424 - WoodSortingSystem - INFO - [GUI] Error monitoring started
2025-09-27 03:58:04,528 - WoodSortingSystem - INFO - [GUI] Live detection mode toggled: True
2025-09-27 04:00:42,791 - WoodSortingSystem - INFO - Error handling system initialized
2025-09-27 04:00:43,569 - WoodSortingSystem - INFO - [CAMERA] CameraModule initialized (dev_mode=False)
2025-09-27 04:00:43,977 - WoodSortingSystem - INFO - [ARDUINO] ArduinoModule initialized
2025-09-27 04:00:43,978 - WoodSortingSystem - INFO - [GUI] WoodSortingApp initialized (dev_mode=False)
2025-09-27 04:00:44,015 - WoodSortingSystem - INFO - [GUI] Setting up module connections
2025-09-27 04:00:44,016 - WoodSortingSystem - INFO - [CAMERA] Initializing top camera (index 0)
2025-09-27 04:00:45,353 - WoodSortingSystem - INFO - [CAMERA] Top camera initialized successfully (Context: width=1280.0, height=720.0, index=0)
2025-09-27 04:00:45,353 - WoodSortingSystem - INFO - [CAMERA] Initializing bottom camera (index 2)
2025-09-27 04:00:46,125 - WoodSortingSystem - INFO - [CAMERA] Bottom camera initialized successfully (Context: width=1280.0, height=720.0, index=2)
2025-09-27 04:00:46,126 - WoodSortingSystem - INFO - [CAMERA] Started camera connection monitoring
2025-09-27 04:00:46,238 - WoodSortingSystem - INFO - [GUI] Error monitoring started
2025-09-27 04:00:49,899 - WoodSortingSystem - INFO - [GUI] Live detection mode toggled: True
2025-09-27 04:00:54,022 - WoodSortingSystem - INFO - [GUI] Auto grade mode toggled: True
2025-09-27 04:03:11,354 - WoodSortingSystem - INFO - Error handling system initialized
2025-09-27 04:03:12,042 - WoodSortingSystem - INFO - [CAMERA] CameraModule initialized (dev_mode=False)
2025-09-27 04:03:12,278 - WoodSortingSystem - INFO - [ARDUINO] ArduinoModule initialized
2025-09-27 04:03:12,278 - WoodSortingSystem - INFO - [GUI] WoodSortingApp initialized (dev_mode=False)
2025-09-27 04:03:12,313 - WoodSortingSystem - INFO - [GUI] Setting up module connections
2025-09-27 04:03:12,314 - WoodSortingSystem - INFO - [CAMERA] Initializing top camera (index 0)
2025-09-27 04:03:13,649 - WoodSortingSystem - INFO - [CAMERA] Top camera initialized successfully (Context: width=1280.0, height=720.0, index=0)
2025-09-27 04:03:13,649 - WoodSortingSystem - INFO - [CAMERA] Initializing bottom camera (index 2)
2025-09-27 04:03:14,388 - WoodSortingSystem - INFO - [CAMERA] Bottom camera initialized successfully (Context: width=1280.0, height=720.0, index=2)
2025-09-27 04:03:14,389 - WoodSortingSystem - INFO - [CAMERA] Started camera connection monitoring
2025-09-27 04:03:14,497 - WoodSortingSystem - INFO - [GUI] Error monitoring started
2025-09-27 04:03:17,987 - WoodSortingSystem - INFO - [GUI] Live detection mode toggled: True
2025-09-27 04:03:20,304 - WoodSortingSystem - INFO - [GUI] Auto grade mode toggled: True
2025-09-27 04:04:41,937 - WoodSortingSystem - INFO - Error handling system initialized
2025-09-27 04:04:42,778 - WoodSortingSystem - INFO - [CAMERA] CameraModule initialized (dev_mode=False)
2025-09-27 04:04:43,025 - WoodSortingSystem - INFO - [ARDUINO] ArduinoModule initialized
2025-09-27 04:04:43,026 - WoodSortingSystem - INFO - [GUI] WoodSortingApp initialized (dev_mode=False)
2025-09-27 04:04:43,067 - WoodSortingSystem - INFO - [GUI] Setting up module connections
2025-09-27 04:04:43,068 - WoodSortingSystem - INFO - [CAMERA] Initializing top camera (index 0)
2025-09-27 04:04:44,509 - WoodSortingSystem - INFO - [CAMERA] Top camera initialized successfully (Context: width=1280.0, height=720.0, index=0)
2025-09-27 04:04:44,509 - WoodSortingSystem - INFO - [CAMERA] Initializing bottom camera (index 2)
2025-09-27 04:04:45,205 - WoodSortingSystem - INFO - [CAMERA] Bottom camera initialized successfully (Context: width=1280.0, height=720.0, index=2)
2025-09-27 04:04:45,205 - WoodSortingSystem - INFO - [CAMERA] Started camera connection monitoring
2025-09-27 04:04:45,314 - WoodSortingSystem - INFO - [GUI] Error monitoring started
2025-09-27 04:04:47,363 - WoodSortingSystem - INFO - [GUI] Live detection mode toggled: True
2025-09-27 04:04:48,548 - WoodSortingSystem - INFO - [GUI] Auto grade mode toggled: True
2025-09-27 04:04:55,836 - WoodSortingSystem - INFO - [GUI] Setting IDLE Mode
2025-09-27 04:04:55,837 - WoodSortingSystem - INFO - [ARDUINO] Queued command: 'X'
2025-09-27 04:04:55,837 - WoodSortingSystem - INFO - [GUI] IDLE mode command sent to Arduino successfully
2025-09-27 04:04:57,808 - WoodSortingSystem - INFO - [GUI] Live detection mode toggled: True
2025-09-27 04:04:58,213 - WoodSortingSystem - INFO - [GUI] Auto grade mode toggled: True
2025-09-27 04:08:48,678 - WoodSortingSystem - INFO - Error handling system initialized
2025-09-27 04:08:49,972 - WoodSortingSystem - INFO - [CAMERA] CameraModule initialized (dev_mode=False)
2025-09-27 04:08:50,229 - WoodSortingSystem - INFO - [ARDUINO] ArduinoModule initialized
2025-09-27 04:08:50,230 - WoodSortingSystem - INFO - [GUI] WoodSortingApp initialized (dev_mode=False)
2025-09-27 04:08:50,274 - WoodSortingSystem - INFO - [GUI] Setting up module connections
2025-09-27 04:08:50,274 - WoodSortingSystem - INFO - [CAMERA] Initializing top camera (index 0)
2025-09-27 04:08:51,716 - WoodSortingSystem - INFO - [CAMERA] Top camera initialized successfully (Context: width=1280.0, height=720.0, index=0)
2025-09-27 04:08:51,717 - WoodSortingSystem - INFO - [CAMERA] Initializing bottom camera (index 2)
2025-09-27 04:08:52,485 - WoodSortingSystem - INFO - [CAMERA] Bottom camera initialized successfully (Context: width=1280.0, height=720.0, index=2)
2025-09-27 04:08:52,485 - WoodSortingSystem - INFO - [CAMERA] Started camera connection monitoring
2025-09-27 04:08:52,600 - WoodSortingSystem - INFO - [GUI] Error monitoring started
2025-09-27 04:08:55,143 - WoodSortingSystem - INFO - [GUI] Live detection mode toggled: True
2025-09-27 04:08:56,154 - WoodSortingSystem - INFO - [GUI] Auto grade mode toggled: True
2025-09-27 04:14:35,551 - WoodSortingSystem - INFO - Error handling system initialized
2025-09-27 04:14:36,311 - WoodSortingSystem - INFO - [CAMERA] CameraModule initialized (dev_mode=False)
2025-09-27 04:14:36,565 - WoodSortingSystem - INFO - [ARDUINO] ArduinoModule initialized
2025-09-27 04:14:36,566 - WoodSortingSystem - INFO - [GUI] WoodSortingApp initialized (dev_mode=False)
2025-09-27 04:14:36,603 - WoodSortingSystem - INFO - [GUI] Setting up module connections
2025-09-27 04:14:36,603 - WoodSortingSystem - INFO - [CAMERA] Initializing top camera (index 0)
2025-09-27 04:14:37,693 - WoodSortingSystem - INFO - [CAMERA] Top camera initialized successfully (Context: width=1280.0, height=720.0, index=0)
2025-09-27 04:14:37,694 - WoodSortingSystem - INFO - [CAMERA] Initializing bottom camera (index 2)
2025-09-27 04:14:38,472 - WoodSortingSystem - INFO - [CAMERA] Bottom camera initialized successfully (Context: width=1280.0, height=720.0, index=2)
2025-09-27 04:14:38,472 - WoodSortingSystem - INFO - [CAMERA] Started camera connection monitoring
2025-09-27 04:14:38,579 - WoodSortingSystem - INFO - [GUI] Error monitoring started
2025-09-27 04:14:42,231 - WoodSortingSystem - INFO - [GUI] Live detection mode toggled: True
2025-09-27 04:14:42,635 - WoodSortingSystem - INFO - [GUI] Live detection mode toggled: False
2025-09-27 04:14:43,343 - WoodSortingSystem - INFO - [GUI] Live detection mode toggled: True
2025-09-27 04:14:43,745 - WoodSortingSystem - INFO - [GUI] Auto grade mode toggled: True
