[2025-10-02 06:05:00.529] [5995] [HailoRT] [info] [device.cpp:49] [Device] OS Version: Linux 6.12.47+rpt-rpi-2712 #1 SMP PREEMPT Debian 1:6.12.47-1+rpt1~bookworm (2025-09-16) aarch64
[2025-10-02 06:05:00.531] [5995] [HailoRT] [info] [control.cpp:108] [control__parse_identify_results] firmware_version is: 4.20.0
[2025-10-02 06:05:00.533] [5995] [HailoRT] [info] [control.cpp:108] [control__parse_identify_results] firmware_version is: 4.20.0
[2025-10-02 06:05:00.580] [5995] [HailoRT] [info] [device.cpp:49] [Device] OS Version: Linux 6.12.47+rpt-rpi-2712 #1 SMP PREEMPT Debian 1:6.12.47-1+rpt1~bookworm (2025-09-16) aarch64
[2025-10-02 06:05:00.582] [5995] [HailoRT] [info] [control.cpp:108] [control__parse_identify_results] firmware_version is: 4.20.0
[2025-10-02 06:05:00.582] [5995] [HailoRT] [info] [control.cpp:108] [control__parse_identify_results] firmware_version is: 4.20.0
[2025-10-02 06:05:02.374] [6021] [HailoRT] [info] [device.cpp:49] [Device] OS Version: Linux 6.12.47+rpt-rpi-2712 #1 SMP PREEMPT Debian 1:6.12.47-1+rpt1~bookworm (2025-09-16) aarch64
[2025-10-02 06:05:02.376] [6021] [HailoRT] [info] [control.cpp:108] [control__parse_identify_results] firmware_version is: 4.20.0
[2025-10-02 06:05:02.377] [6021] [HailoRT] [info] [control.cpp:108] [control__parse_identify_results] firmware_version is: 4.20.0
[2025-10-02 06:05:02.418] [6021] [HailoRT] [info] [vdevice.cpp:523] [create] Creating vdevice with params: device_count: 1, scheduling_algorithm: ROUND_ROBIN, multi_process_service: true
[2025-10-02 06:05:03.480] [6021] [HailoRT] [info] [device.cpp:49] [Device] OS Version: Linux 6.12.47+rpt-rpi-2712 #1 SMP PREEMPT Debian 1:6.12.47-1+rpt1~bookworm (2025-09-16) aarch64
[2025-10-02 06:05:03.482] [6021] [HailoRT] [info] [control.cpp:108] [control__parse_identify_results] firmware_version is: 4.20.0
[2025-10-02 06:05:03.570] [6021] [HailoRT] [info] [hef.cpp:1929] [get_network_group_and_network_name] No name was given. Addressing all networks of default network_group: best_v8
[2025-10-02 06:05:03.570] [6021] [HailoRT] [info] [hef.cpp:1929] [get_network_group_and_network_name] No name was given. Addressing all networks of default network_group: best_v8
[2025-10-02 06:05:03.722] [6021] [HailoRT] [info] [infer_model.cpp:436] [configure] Configuring network group 'best_v8' with params: batch size: 1, power mode: ULTRA_PERFORMANCE, latency: NONE
[2025-10-02 06:05:03.724] [6021] [HailoRT] [info] [multi_io_elements.cpp:756] [create] Created (AsyncHwEl)
[2025-10-02 06:05:03.724] [6021] [HailoRT] [info] [queue_elements.cpp:450] [create] Created (EntryPushQEl0best_v8/input_layer1 | timeout: 10s)
[2025-10-02 06:05:03.724] [6021] [HailoRT] [info] [filter_elements.cpp:101] [create] Created (PreInferEl7best_v8/input_layer1 | Reorder - src_order: NHWC, src_shape: (640, 640, 3), dst_order: NHCW, dst_shape: (640, 640, 3))
[2025-10-02 06:05:03.725] [6021] [HailoRT] [info] [queue_elements.cpp:450] [create] Created (PushQEl7best_v8/input_layer1 | timeout: 10s)
[2025-10-02 06:05:03.725] [6021] [HailoRT] [info] [multi_io_elements.cpp:135] [create] Created (NmsPPMuxEl0YOLOV8-Post-Process | Op YOLOV8, Name: YOLOV8-Post-Process, Score threshold: 0.300, IoU threshold: 0.60, Classes: 4, Cross classes: false, NMS results order: BY_CLASS, Max bboxes per class: 100, Image height: 640, Image width: 640)
[2025-10-02 06:05:03.725] [6021] [HailoRT] [info] [queue_elements.cpp:942] [create] Created (MultiPushQEl0YOLOV8-Post-Process | timeout: 10s)
[2025-10-02 06:05:03.725] [6021] [HailoRT] [info] [edge_elements.cpp:187] [create] Created (LastAsyncEl0NmsPPMuxEl0YOLOV8-Post-Process)
[2025-10-02 06:05:03.725] [6021] [HailoRT] [info] [pipeline.cpp:891] [print_deep_description] EntryPushQEl0best_v8/input_layer1 | inputs: user | outputs: PreInferEl7best_v8/input_layer1(running in thread_id: 6094)
[2025-10-02 06:05:03.725] [6021] [HailoRT] [info] [pipeline.cpp:891] [print_deep_description] PreInferEl7best_v8/input_layer1 | inputs: EntryPushQEl0best_v8/input_layer1[0] | outputs: PushQEl7best_v8/input_layer1
[2025-10-02 06:05:03.726] [6021] [HailoRT] [info] [pipeline.cpp:891] [print_deep_description] PushQEl7best_v8/input_layer1 | inputs: PreInferEl7best_v8/input_layer1[0] | outputs: AsyncHwEl(running in thread_id: 6095)
[2025-10-02 06:05:03.726] [6021] [HailoRT] [info] [pipeline.cpp:891] [print_deep_description] AsyncHwEl | inputs: PushQEl7best_v8/input_layer1[0] | outputs: MultiPushQEl0YOLOV8-Post-Process MultiPushQEl0YOLOV8-Post-Process MultiPushQEl0YOLOV8-Post-Process MultiPushQEl0YOLOV8-Post-Process MultiPushQEl0YOLOV8-Post-Process MultiPushQEl0YOLOV8-Post-Process
[2025-10-02 06:05:03.726] [6021] [HailoRT] [info] [pipeline.cpp:891] [print_deep_description] MultiPushQEl0YOLOV8-Post-Process | inputs: AsyncHwEl[0] AsyncHwEl[1] AsyncHwEl[2] AsyncHwEl[3] AsyncHwEl[4] AsyncHwEl[5] | outputs: NmsPPMuxEl0YOLOV8-Post-Process(running in thread_id: 6096)
[2025-10-02 06:05:03.726] [6021] [HailoRT] [info] [pipeline.cpp:891] [print_deep_description] NmsPPMuxEl0YOLOV8-Post-Process | inputs: MultiPushQEl0YOLOV8-Post-Process[0] | outputs: LastAsyncEl0NmsPPMuxEl0YOLOV8-Post-Process
[2025-10-02 06:05:03.726] [6021] [HailoRT] [info] [pipeline.cpp:891] [print_deep_description] LastAsyncEl0NmsPPMuxEl0YOLOV8-Post-Process | inputs: NmsPPMuxEl0YOLOV8-Post-Process[0] | outputs: user
[2025-10-02 06:05:03.726] [6021] [HailoRT] [info] [hef.cpp:1929] [get_network_group_and_network_name] No name was given. Addressing all networks of default network_group: best_v8
[2025-10-02 06:05:03.726] [6021] [HailoRT] [info] [hef.cpp:1929] [get_network_group_and_network_name] No name was given. Addressing all networks of default network_group: best_v8
[2025-10-02 06:05:15.085] [5995] [HailoRT] [info] [async_infer_runner.cpp:86] [shutdown] Pipeline was aborted. Shutting it down
[2025-10-02 06:05:15.087] [5995] [HailoRT] [info] [queue_elements.cpp:1131] [execute_deactivate] enqueue() in element MultiPushQEl0YOLOV8-Post-Process was aborted, got status = HAILO_SHUTDOWN_EVENT_SIGNALED(57)
[2025-10-02 06:05:15.087] [5995] [HailoRT] [info] [queue_elements.cpp:1131] [execute_deactivate] enqueue() in element MultiPushQEl0YOLOV8-Post-Process was aborted, got status = HAILO_SHUTDOWN_EVENT_SIGNALED(57)
[2025-10-02 06:05:15.087] [5995] [HailoRT] [info] [queue_elements.cpp:1131] [execute_deactivate] enqueue() in element MultiPushQEl0YOLOV8-Post-Process was aborted, got status = HAILO_SHUTDOWN_EVENT_SIGNALED(57)
[2025-10-02 06:05:15.087] [5995] [HailoRT] [info] [queue_elements.cpp:1131] [execute_deactivate] enqueue() in element MultiPushQEl0YOLOV8-Post-Process was aborted, got status = HAILO_SHUTDOWN_EVENT_SIGNALED(57)
[2025-10-02 06:05:15.087] [5995] [HailoRT] [info] [queue_elements.cpp:1131] [execute_deactivate] enqueue() in element MultiPushQEl0YOLOV8-Post-Process was aborted, got status = HAILO_SHUTDOWN_EVENT_SIGNALED(57)
[2025-10-02 06:05:15.087] [5995] [HailoRT] [info] [queue_elements.cpp:1131] [execute_deactivate] enqueue() in element MultiPushQEl0YOLOV8-Post-Process was aborted, got status = HAILO_SHUTDOWN_EVENT_SIGNALED(57)
[2025-10-02 06:05:15.087] [5995] [HailoRT] [info] [queue_elements.cpp:570] [execute_deactivate] enqueue() in element PushQEl7best_v8/input_layer1 was aborted, got status = HAILO_SHUTDOWN_EVENT_SIGNALED(57)
[2025-10-02 06:05:15.087] [5995] [HailoRT] [info] [queue_elements.cpp:570] [execute_deactivate] enqueue() in element EntryPushQEl0best_v8/input_layer1 was aborted, got status = HAILO_SHUTDOWN_EVENT_SIGNALED(57)
[2025-10-02 06:05:15.087] [5995] [HailoRT] [info] [queue_elements.cpp:46] [~BaseQueueElement] Queue element EntryPushQEl0best_v8/input_layer1 has 0 frames in his Queue on destruction
[2025-10-02 06:05:15.087] [5995] [HailoRT] [info] [queue_elements.cpp:46] [~BaseQueueElement] Queue element PushQEl7best_v8/input_layer1 has 0 frames in his Queue on destruction
[2025-10-02 06:05:15.089] [6092] [HailoRT] [info] [vdevice.cpp:424] [listener_run_in_thread] Shutdown event was signaled in listener_run_in_thread
[2025-10-02 06:07:39.625] [6474] [HailoRT] [info] [device.cpp:49] [Device] OS Version: Linux 6.12.47+rpt-rpi-2712 #1 SMP PREEMPT Debian 1:6.12.47-1+rpt1~bookworm (2025-09-16) aarch64
[2025-10-02 06:07:39.627] [6474] [HailoRT] [info] [control.cpp:108] [control__parse_identify_results] firmware_version is: 4.20.0
[2025-10-02 06:07:39.629] [6474] [HailoRT] [info] [control.cpp:108] [control__parse_identify_results] firmware_version is: 4.20.0
[2025-10-02 06:07:39.676] [6474] [HailoRT] [info] [device.cpp:49] [Device] OS Version: Linux 6.12.47+rpt-rpi-2712 #1 SMP PREEMPT Debian 1:6.12.47-1+rpt1~bookworm (2025-09-16) aarch64
[2025-10-02 06:07:39.677] [6474] [HailoRT] [info] [control.cpp:108] [control__parse_identify_results] firmware_version is: 4.20.0
[2025-10-02 06:07:39.678] [6474] [HailoRT] [info] [control.cpp:108] [control__parse_identify_results] firmware_version is: 4.20.0
[2025-10-02 06:07:41.386] [6498] [HailoRT] [info] [device.cpp:49] [Device] OS Version: Linux 6.12.47+rpt-rpi-2712 #1 SMP PREEMPT Debian 1:6.12.47-1+rpt1~bookworm (2025-09-16) aarch64
[2025-10-02 06:07:41.388] [6498] [HailoRT] [info] [control.cpp:108] [control__parse_identify_results] firmware_version is: 4.20.0
[2025-10-02 06:07:41.389] [6498] [HailoRT] [info] [control.cpp:108] [control__parse_identify_results] firmware_version is: 4.20.0
[2025-10-02 06:07:41.421] [6498] [HailoRT] [info] [vdevice.cpp:523] [create] Creating vdevice with params: device_count: 1, scheduling_algorithm: ROUND_ROBIN, multi_process_service: true
[2025-10-02 06:07:42.438] [6498] [HailoRT] [info] [device.cpp:49] [Device] OS Version: Linux 6.12.47+rpt-rpi-2712 #1 SMP PREEMPT Debian 1:6.12.47-1+rpt1~bookworm (2025-09-16) aarch64
[2025-10-02 06:07:42.440] [6498] [HailoRT] [info] [control.cpp:108] [control__parse_identify_results] firmware_version is: 4.20.0
[2025-10-02 06:07:42.541] [6498] [HailoRT] [info] [hef.cpp:1929] [get_network_group_and_network_name] No name was given. Addressing all networks of default network_group: best_v8
[2025-10-02 06:07:42.541] [6498] [HailoRT] [info] [hef.cpp:1929] [get_network_group_and_network_name] No name was given. Addressing all networks of default network_group: best_v8
[2025-10-02 06:07:42.699] [6498] [HailoRT] [info] [infer_model.cpp:436] [configure] Configuring network group 'best_v8' with params: batch size: 1, power mode: ULTRA_PERFORMANCE, latency: NONE
[2025-10-02 06:07:42.700] [6498] [HailoRT] [info] [multi_io_elements.cpp:756] [create] Created (AsyncHwEl)
[2025-10-02 06:07:42.700] [6498] [HailoRT] [info] [queue_elements.cpp:450] [create] Created (EntryPushQEl0best_v8/input_layer1 | timeout: 10s)
[2025-10-02 06:07:42.700] [6498] [HailoRT] [info] [filter_elements.cpp:101] [create] Created (PreInferEl7best_v8/input_layer1 | Reorder - src_order: NHWC, src_shape: (640, 640, 3), dst_order: NHCW, dst_shape: (640, 640, 3))
[2025-10-02 06:07:42.700] [6498] [HailoRT] [info] [queue_elements.cpp:450] [create] Created (PushQEl7best_v8/input_layer1 | timeout: 10s)
[2025-10-02 06:07:42.701] [6498] [HailoRT] [info] [multi_io_elements.cpp:135] [create] Created (NmsPPMuxEl0YOLOV8-Post-Process | Op YOLOV8, Name: YOLOV8-Post-Process, Score threshold: 0.300, IoU threshold: 0.60, Classes: 4, Cross classes: false, NMS results order: BY_CLASS, Max bboxes per class: 100, Image height: 640, Image width: 640)
[2025-10-02 06:07:42.701] [6498] [HailoRT] [info] [queue_elements.cpp:942] [create] Created (MultiPushQEl0YOLOV8-Post-Process | timeout: 10s)
[2025-10-02 06:07:42.701] [6498] [HailoRT] [info] [edge_elements.cpp:187] [create] Created (LastAsyncEl0NmsPPMuxEl0YOLOV8-Post-Process)
[2025-10-02 06:07:42.701] [6498] [HailoRT] [info] [pipeline.cpp:891] [print_deep_description] EntryPushQEl0best_v8/input_layer1 | inputs: user | outputs: PreInferEl7best_v8/input_layer1(running in thread_id: 6549)
[2025-10-02 06:07:42.701] [6498] [HailoRT] [info] [pipeline.cpp:891] [print_deep_description] PreInferEl7best_v8/input_layer1 | inputs: EntryPushQEl0best_v8/input_layer1[0] | outputs: PushQEl7best_v8/input_layer1
[2025-10-02 06:07:42.701] [6498] [HailoRT] [info] [pipeline.cpp:891] [print_deep_description] PushQEl7best_v8/input_layer1 | inputs: PreInferEl7best_v8/input_layer1[0] | outputs: AsyncHwEl(running in thread_id: 6550)
[2025-10-02 06:07:42.701] [6498] [HailoRT] [info] [pipeline.cpp:891] [print_deep_description] AsyncHwEl | inputs: PushQEl7best_v8/input_layer1[0] | outputs: MultiPushQEl0YOLOV8-Post-Process MultiPushQEl0YOLOV8-Post-Process MultiPushQEl0YOLOV8-Post-Process MultiPushQEl0YOLOV8-Post-Process MultiPushQEl0YOLOV8-Post-Process MultiPushQEl0YOLOV8-Post-Process
[2025-10-02 06:07:42.701] [6498] [HailoRT] [info] [pipeline.cpp:891] [print_deep_description] MultiPushQEl0YOLOV8-Post-Process | inputs: AsyncHwEl[0] AsyncHwEl[1] AsyncHwEl[2] AsyncHwEl[3] AsyncHwEl[4] AsyncHwEl[5] | outputs: NmsPPMuxEl0YOLOV8-Post-Process(running in thread_id: 6551)
[2025-10-02 06:07:42.701] [6498] [HailoRT] [info] [pipeline.cpp:891] [print_deep_description] NmsPPMuxEl0YOLOV8-Post-Process | inputs: MultiPushQEl0YOLOV8-Post-Process[0] | outputs: LastAsyncEl0NmsPPMuxEl0YOLOV8-Post-Process
[2025-10-02 06:07:42.701] [6498] [HailoRT] [info] [pipeline.cpp:891] [print_deep_description] LastAsyncEl0NmsPPMuxEl0YOLOV8-Post-Process | inputs: NmsPPMuxEl0YOLOV8-Post-Process[0] | outputs: user
[2025-10-02 06:07:42.702] [6498] [HailoRT] [info] [hef.cpp:1929] [get_network_group_and_network_name] No name was given. Addressing all networks of default network_group: best_v8
[2025-10-02 06:07:42.702] [6498] [HailoRT] [info] [hef.cpp:1929] [get_network_group_and_network_name] No name was given. Addressing all networks of default network_group: best_v8
[2025-10-02 06:07:56.331] [6474] [HailoRT] [info] [async_infer_runner.cpp:86] [shutdown] Pipeline was aborted. Shutting it down
[2025-10-02 06:07:56.332] [6474] [HailoRT] [info] [queue_elements.cpp:1131] [execute_deactivate] enqueue() in element MultiPushQEl0YOLOV8-Post-Process was aborted, got status = HAILO_SHUTDOWN_EVENT_SIGNALED(57)
[2025-10-02 06:07:56.332] [6474] [HailoRT] [info] [queue_elements.cpp:1131] [execute_deactivate] enqueue() in element MultiPushQEl0YOLOV8-Post-Process was aborted, got status = HAILO_SHUTDOWN_EVENT_SIGNALED(57)
[2025-10-02 06:07:56.332] [6474] [HailoRT] [info] [queue_elements.cpp:1131] [execute_deactivate] enqueue() in element MultiPushQEl0YOLOV8-Post-Process was aborted, got status = HAILO_SHUTDOWN_EVENT_SIGNALED(57)
[2025-10-02 06:07:56.332] [6474] [HailoRT] [info] [queue_elements.cpp:1131] [execute_deactivate] enqueue() in element MultiPushQEl0YOLOV8-Post-Process was aborted, got status = HAILO_SHUTDOWN_EVENT_SIGNALED(57)
[2025-10-02 06:07:56.332] [6474] [HailoRT] [info] [queue_elements.cpp:1131] [execute_deactivate] enqueue() in element MultiPushQEl0YOLOV8-Post-Process was aborted, got status = HAILO_SHUTDOWN_EVENT_SIGNALED(57)
[2025-10-02 06:07:56.332] [6474] [HailoRT] [info] [queue_elements.cpp:1131] [execute_deactivate] enqueue() in element MultiPushQEl0YOLOV8-Post-Process was aborted, got status = HAILO_SHUTDOWN_EVENT_SIGNALED(57)
[2025-10-02 06:07:56.332] [6474] [HailoRT] [info] [queue_elements.cpp:570] [execute_deactivate] enqueue() in element PushQEl7best_v8/input_layer1 was aborted, got status = HAILO_SHUTDOWN_EVENT_SIGNALED(57)
[2025-10-02 06:07:56.332] [6474] [HailoRT] [info] [queue_elements.cpp:570] [execute_deactivate] enqueue() in element EntryPushQEl0best_v8/input_layer1 was aborted, got status = HAILO_SHUTDOWN_EVENT_SIGNALED(57)
[2025-10-02 06:07:56.333] [6474] [HailoRT] [info] [queue_elements.cpp:46] [~BaseQueueElement] Queue element EntryPushQEl0best_v8/input_layer1 has 0 frames in his Queue on destruction
[2025-10-02 06:07:56.333] [6474] [HailoRT] [info] [queue_elements.cpp:46] [~BaseQueueElement] Queue element PushQEl7best_v8/input_layer1 has 0 frames in his Queue on destruction
[2025-10-02 06:07:56.335] [6547] [HailoRT] [info] [vdevice.cpp:424] [listener_run_in_thread] Shutdown event was signaled in listener_run_in_thread
[2025-10-02 06:13:25.765] [7673] [HailoRT] [info] [device.cpp:49] [Device] OS Version: Linux 6.12.47+rpt-rpi-2712 #1 SMP PREEMPT Debian 1:6.12.47-1+rpt1~bookworm (2025-09-16) aarch64
[2025-10-02 06:13:25.767] [7673] [HailoRT] [info] [control.cpp:108] [control__parse_identify_results] firmware_version is: 4.20.0
[2025-10-02 06:13:25.768] [7673] [HailoRT] [info] [control.cpp:108] [control__parse_identify_results] firmware_version is: 4.20.0
[2025-10-02 06:13:25.825] [7673] [HailoRT] [info] [device.cpp:49] [Device] OS Version: Linux 6.12.47+rpt-rpi-2712 #1 SMP PREEMPT Debian 1:6.12.47-1+rpt1~bookworm (2025-09-16) aarch64
[2025-10-02 06:13:25.826] [7673] [HailoRT] [info] [control.cpp:108] [control__parse_identify_results] firmware_version is: 4.20.0
[2025-10-02 06:13:25.827] [7673] [HailoRT] [info] [control.cpp:108] [control__parse_identify_results] firmware_version is: 4.20.0
[2025-10-02 06:13:27.546] [7697] [HailoRT] [info] [device.cpp:49] [Device] OS Version: Linux 6.12.47+rpt-rpi-2712 #1 SMP PREEMPT Debian 1:6.12.47-1+rpt1~bookworm (2025-09-16) aarch64
[2025-10-02 06:13:27.548] [7697] [HailoRT] [info] [control.cpp:108] [control__parse_identify_results] firmware_version is: 4.20.0
[2025-10-02 06:13:27.549] [7697] [HailoRT] [info] [control.cpp:108] [control__parse_identify_results] firmware_version is: 4.20.0
[2025-10-02 06:13:27.573] [7697] [HailoRT] [info] [vdevice.cpp:523] [create] Creating vdevice with params: device_count: 1, scheduling_algorithm: ROUND_ROBIN, multi_process_service: true
[2025-10-02 06:13:28.591] [7697] [HailoRT] [info] [device.cpp:49] [Device] OS Version: Linux 6.12.47+rpt-rpi-2712 #1 SMP PREEMPT Debian 1:6.12.47-1+rpt1~bookworm (2025-09-16) aarch64
[2025-10-02 06:13:28.592] [7697] [HailoRT] [info] [control.cpp:108] [control__parse_identify_results] firmware_version is: 4.20.0
[2025-10-02 06:13:28.665] [7697] [HailoRT] [info] [hef.cpp:1929] [get_network_group_and_network_name] No name was given. Addressing all networks of default network_group: best_v8
[2025-10-02 06:13:28.665] [7697] [HailoRT] [info] [hef.cpp:1929] [get_network_group_and_network_name] No name was given. Addressing all networks of default network_group: best_v8
[2025-10-02 06:13:28.820] [7697] [HailoRT] [info] [infer_model.cpp:436] [configure] Configuring network group 'best_v8' with params: batch size: 1, power mode: ULTRA_PERFORMANCE, latency: NONE
[2025-10-02 06:13:28.821] [7697] [HailoRT] [info] [multi_io_elements.cpp:756] [create] Created (AsyncHwEl)
[2025-10-02 06:13:28.821] [7697] [HailoRT] [info] [queue_elements.cpp:450] [create] Created (EntryPushQEl0best_v8/input_layer1 | timeout: 10s)
[2025-10-02 06:13:28.821] [7697] [HailoRT] [info] [filter_elements.cpp:101] [create] Created (PreInferEl7best_v8/input_layer1 | Reorder - src_order: NHWC, src_shape: (640, 640, 3), dst_order: NHCW, dst_shape: (640, 640, 3))
[2025-10-02 06:13:28.821] [7697] [HailoRT] [info] [queue_elements.cpp:450] [create] Created (PushQEl7best_v8/input_layer1 | timeout: 10s)
[2025-10-02 06:13:28.822] [7697] [HailoRT] [info] [multi_io_elements.cpp:135] [create] Created (NmsPPMuxEl0YOLOV8-Post-Process | Op YOLOV8, Name: YOLOV8-Post-Process, Score threshold: 0.300, IoU threshold: 0.60, Classes: 4, Cross classes: false, NMS results order: BY_CLASS, Max bboxes per class: 100, Image height: 640, Image width: 640)
[2025-10-02 06:13:28.822] [7697] [HailoRT] [info] [queue_elements.cpp:942] [create] Created (MultiPushQEl0YOLOV8-Post-Process | timeout: 10s)
[2025-10-02 06:13:28.822] [7697] [HailoRT] [info] [edge_elements.cpp:187] [create] Created (LastAsyncEl0NmsPPMuxEl0YOLOV8-Post-Process)
[2025-10-02 06:13:28.822] [7697] [HailoRT] [info] [pipeline.cpp:891] [print_deep_description] EntryPushQEl0best_v8/input_layer1 | inputs: user | outputs: PreInferEl7best_v8/input_layer1(running in thread_id: 7747)
[2025-10-02 06:13:28.822] [7697] [HailoRT] [info] [pipeline.cpp:891] [print_deep_description] PreInferEl7best_v8/input_layer1 | inputs: EntryPushQEl0best_v8/input_layer1[0] | outputs: PushQEl7best_v8/input_layer1
[2025-10-02 06:13:28.822] [7697] [HailoRT] [info] [pipeline.cpp:891] [print_deep_description] PushQEl7best_v8/input_layer1 | inputs: PreInferEl7best_v8/input_layer1[0] | outputs: AsyncHwEl(running in thread_id: 7748)
[2025-10-02 06:13:28.822] [7697] [HailoRT] [info] [pipeline.cpp:891] [print_deep_description] AsyncHwEl | inputs: PushQEl7best_v8/input_layer1[0] | outputs: MultiPushQEl0YOLOV8-Post-Process MultiPushQEl0YOLOV8-Post-Process MultiPushQEl0YOLOV8-Post-Process MultiPushQEl0YOLOV8-Post-Process MultiPushQEl0YOLOV8-Post-Process MultiPushQEl0YOLOV8-Post-Process
[2025-10-02 06:13:28.823] [7697] [HailoRT] [info] [pipeline.cpp:891] [print_deep_description] MultiPushQEl0YOLOV8-Post-Process | inputs: AsyncHwEl[0] AsyncHwEl[1] AsyncHwEl[2] AsyncHwEl[3] AsyncHwEl[4] AsyncHwEl[5] | outputs: NmsPPMuxEl0YOLOV8-Post-Process(running in thread_id: 7749)
[2025-10-02 06:13:28.823] [7697] [HailoRT] [info] [pipeline.cpp:891] [print_deep_description] NmsPPMuxEl0YOLOV8-Post-Process | inputs: MultiPushQEl0YOLOV8-Post-Process[0] | outputs: LastAsyncEl0NmsPPMuxEl0YOLOV8-Post-Process
[2025-10-02 06:13:28.823] [7697] [HailoRT] [info] [pipeline.cpp:891] [print_deep_description] LastAsyncEl0NmsPPMuxEl0YOLOV8-Post-Process | inputs: NmsPPMuxEl0YOLOV8-Post-Process[0] | outputs: user
[2025-10-02 06:13:28.823] [7697] [HailoRT] [info] [hef.cpp:1929] [get_network_group_and_network_name] No name was given. Addressing all networks of default network_group: best_v8
[2025-10-02 06:13:28.823] [7697] [HailoRT] [info] [hef.cpp:1929] [get_network_group_and_network_name] No name was given. Addressing all networks of default network_group: best_v8
[2025-10-02 06:13:29.263] [7673] [HailoRT] [info] [async_infer_runner.cpp:86] [shutdown] Pipeline was aborted. Shutting it down
[2025-10-02 06:13:29.264] [7673] [HailoRT] [info] [queue_elements.cpp:1131] [execute_deactivate] enqueue() in element MultiPushQEl0YOLOV8-Post-Process was aborted, got status = HAILO_SHUTDOWN_EVENT_SIGNALED(57)
[2025-10-02 06:13:29.264] [7673] [HailoRT] [info] [queue_elements.cpp:1131] [execute_deactivate] enqueue() in element MultiPushQEl0YOLOV8-Post-Process was aborted, got status = HAILO_SHUTDOWN_EVENT_SIGNALED(57)
[2025-10-02 06:13:29.264] [7673] [HailoRT] [info] [queue_elements.cpp:1131] [execute_deactivate] enqueue() in element MultiPushQEl0YOLOV8-Post-Process was aborted, got status = HAILO_SHUTDOWN_EVENT_SIGNALED(57)
[2025-10-02 06:13:29.264] [7673] [HailoRT] [info] [queue_elements.cpp:1131] [execute_deactivate] enqueue() in element MultiPushQEl0YOLOV8-Post-Process was aborted, got status = HAILO_SHUTDOWN_EVENT_SIGNALED(57)
[2025-10-02 06:13:29.264] [7673] [HailoRT] [info] [queue_elements.cpp:1131] [execute_deactivate] enqueue() in element MultiPushQEl0YOLOV8-Post-Process was aborted, got status = HAILO_SHUTDOWN_EVENT_SIGNALED(57)
[2025-10-02 06:13:29.264] [7673] [HailoRT] [info] [queue_elements.cpp:1131] [execute_deactivate] enqueue() in element MultiPushQEl0YOLOV8-Post-Process was aborted, got status = HAILO_SHUTDOWN_EVENT_SIGNALED(57)
[2025-10-02 06:13:29.264] [7673] [HailoRT] [info] [queue_elements.cpp:570] [execute_deactivate] enqueue() in element PushQEl7best_v8/input_layer1 was aborted, got status = HAILO_SHUTDOWN_EVENT_SIGNALED(57)
[2025-10-02 06:13:29.264] [7673] [HailoRT] [info] [queue_elements.cpp:570] [execute_deactivate] enqueue() in element EntryPushQEl0best_v8/input_layer1 was aborted, got status = HAILO_SHUTDOWN_EVENT_SIGNALED(57)
[2025-10-02 06:13:29.264] [7673] [HailoRT] [info] [queue_elements.cpp:46] [~BaseQueueElement] Queue element EntryPushQEl0best_v8/input_layer1 has 0 frames in his Queue on destruction
[2025-10-02 06:13:29.264] [7673] [HailoRT] [info] [queue_elements.cpp:46] [~BaseQueueElement] Queue element PushQEl7best_v8/input_layer1 has 0 frames in his Queue on destruction
[2025-10-02 06:13:29.266] [7745] [HailoRT] [info] [vdevice.cpp:424] [listener_run_in_thread] Shutdown event was signaled in listener_run_in_thread
[2025-10-02 06:15:00.853] [8170] [HailoRT] [info] [device.cpp:49] [Device] OS Version: Linux 6.12.47+rpt-rpi-2712 #1 SMP PREEMPT Debian 1:6.12.47-1+rpt1~bookworm (2025-09-16) aarch64
[2025-10-02 06:15:00.855] [8170] [HailoRT] [info] [control.cpp:108] [control__parse_identify_results] firmware_version is: 4.20.0
[2025-10-02 06:15:00.856] [8170] [HailoRT] [info] [control.cpp:108] [control__parse_identify_results] firmware_version is: 4.20.0
[2025-10-02 06:15:00.932] [8170] [HailoRT] [info] [device.cpp:49] [Device] OS Version: Linux 6.12.47+rpt-rpi-2712 #1 SMP PREEMPT Debian 1:6.12.47-1+rpt1~bookworm (2025-09-16) aarch64
[2025-10-02 06:15:00.934] [8170] [HailoRT] [info] [control.cpp:108] [control__parse_identify_results] firmware_version is: 4.20.0
[2025-10-02 06:15:00.934] [8170] [HailoRT] [info] [control.cpp:108] [control__parse_identify_results] firmware_version is: 4.20.0
[2025-10-02 06:15:02.747] [8197] [HailoRT] [info] [device.cpp:49] [Device] OS Version: Linux 6.12.47+rpt-rpi-2712 #1 SMP PREEMPT Debian 1:6.12.47-1+rpt1~bookworm (2025-09-16) aarch64
[2025-10-02 06:15:02.751] [8197] [HailoRT] [info] [control.cpp:108] [control__parse_identify_results] firmware_version is: 4.20.0
[2025-10-02 06:15:02.755] [8197] [HailoRT] [info] [control.cpp:108] [control__parse_identify_results] firmware_version is: 4.20.0
[2025-10-02 06:15:02.797] [8197] [HailoRT] [info] [vdevice.cpp:523] [create] Creating vdevice with params: device_count: 1, scheduling_algorithm: ROUND_ROBIN, multi_process_service: true
[2025-10-02 06:15:03.817] [8197] [HailoRT] [info] [device.cpp:49] [Device] OS Version: Linux 6.12.47+rpt-rpi-2712 #1 SMP PREEMPT Debian 1:6.12.47-1+rpt1~bookworm (2025-09-16) aarch64
[2025-10-02 06:15:03.818] [8197] [HailoRT] [info] [control.cpp:108] [control__parse_identify_results] firmware_version is: 4.20.0
[2025-10-02 06:15:03.904] [8197] [HailoRT] [info] [hef.cpp:1929] [get_network_group_and_network_name] No name was given. Addressing all networks of default network_group: best_v8
[2025-10-02 06:15:03.904] [8197] [HailoRT] [info] [hef.cpp:1929] [get_network_group_and_network_name] No name was given. Addressing all networks of default network_group: best_v8
[2025-10-02 06:15:04.065] [8197] [HailoRT] [info] [infer_model.cpp:436] [configure] Configuring network group 'best_v8' with params: batch size: 1, power mode: ULTRA_PERFORMANCE, latency: NONE
[2025-10-02 06:15:04.067] [8197] [HailoRT] [info] [multi_io_elements.cpp:756] [create] Created (AsyncHwEl)
[2025-10-02 06:15:04.067] [8197] [HailoRT] [info] [queue_elements.cpp:450] [create] Created (EntryPushQEl0best_v8/input_layer1 | timeout: 10s)
[2025-10-02 06:15:04.067] [8197] [HailoRT] [info] [filter_elements.cpp:101] [create] Created (PreInferEl7best_v8/input_layer1 | Reorder - src_order: NHWC, src_shape: (640, 640, 3), dst_order: NHCW, dst_shape: (640, 640, 3))
[2025-10-02 06:15:04.067] [8197] [HailoRT] [info] [queue_elements.cpp:450] [create] Created (PushQEl7best_v8/input_layer1 | timeout: 10s)
[2025-10-02 06:15:04.068] [8197] [HailoRT] [info] [multi_io_elements.cpp:135] [create] Created (NmsPPMuxEl0YOLOV8-Post-Process | Op YOLOV8, Name: YOLOV8-Post-Process, Score threshold: 0.300, IoU threshold: 0.60, Classes: 4, Cross classes: false, NMS results order: BY_CLASS, Max bboxes per class: 100, Image height: 640, Image width: 640)
[2025-10-02 06:15:04.069] [8197] [HailoRT] [info] [queue_elements.cpp:942] [create] Created (MultiPushQEl0YOLOV8-Post-Process | timeout: 10s)
[2025-10-02 06:15:04.069] [8197] [HailoRT] [info] [edge_elements.cpp:187] [create] Created (LastAsyncEl0NmsPPMuxEl0YOLOV8-Post-Process)
[2025-10-02 06:15:04.069] [8197] [HailoRT] [info] [pipeline.cpp:891] [print_deep_description] EntryPushQEl0best_v8/input_layer1 | inputs: user | outputs: PreInferEl7best_v8/input_layer1(running in thread_id: 8292)
[2025-10-02 06:15:04.069] [8197] [HailoRT] [info] [pipeline.cpp:891] [print_deep_description] PreInferEl7best_v8/input_layer1 | inputs: EntryPushQEl0best_v8/input_layer1[0] | outputs: PushQEl7best_v8/input_layer1
[2025-10-02 06:15:04.069] [8197] [HailoRT] [info] [pipeline.cpp:891] [print_deep_description] PushQEl7best_v8/input_layer1 | inputs: PreInferEl7best_v8/input_layer1[0] | outputs: AsyncHwEl(running in thread_id: 8293)
[2025-10-02 06:15:04.069] [8197] [HailoRT] [info] [pipeline.cpp:891] [print_deep_description] AsyncHwEl | inputs: PushQEl7best_v8/input_layer1[0] | outputs: MultiPushQEl0YOLOV8-Post-Process MultiPushQEl0YOLOV8-Post-Process MultiPushQEl0YOLOV8-Post-Process MultiPushQEl0YOLOV8-Post-Process MultiPushQEl0YOLOV8-Post-Process MultiPushQEl0YOLOV8-Post-Process
[2025-10-02 06:15:04.069] [8197] [HailoRT] [info] [pipeline.cpp:891] [print_deep_description] MultiPushQEl0YOLOV8-Post-Process | inputs: AsyncHwEl[0] AsyncHwEl[1] AsyncHwEl[2] AsyncHwEl[3] AsyncHwEl[4] AsyncHwEl[5] | outputs: NmsPPMuxEl0YOLOV8-Post-Process(running in thread_id: 8294)
[2025-10-02 06:15:04.069] [8197] [HailoRT] [info] [pipeline.cpp:891] [print_deep_description] NmsPPMuxEl0YOLOV8-Post-Process | inputs: MultiPushQEl0YOLOV8-Post-Process[0] | outputs: LastAsyncEl0NmsPPMuxEl0YOLOV8-Post-Process
[2025-10-02 06:15:04.069] [8197] [HailoRT] [info] [pipeline.cpp:891] [print_deep_description] LastAsyncEl0NmsPPMuxEl0YOLOV8-Post-Process | inputs: NmsPPMuxEl0YOLOV8-Post-Process[0] | outputs: user
[2025-10-02 06:15:04.069] [8197] [HailoRT] [info] [hef.cpp:1929] [get_network_group_and_network_name] No name was given. Addressing all networks of default network_group: best_v8
[2025-10-02 06:15:04.069] [8197] [HailoRT] [info] [hef.cpp:1929] [get_network_group_and_network_name] No name was given. Addressing all networks of default network_group: best_v8
[2025-10-02 06:15:05.432] [8170] [HailoRT] [info] [async_infer_runner.cpp:86] [shutdown] Pipeline was aborted. Shutting it down
[2025-10-02 06:15:05.434] [8170] [HailoRT] [info] [queue_elements.cpp:1131] [execute_deactivate] enqueue() in element MultiPushQEl0YOLOV8-Post-Process was aborted, got status = HAILO_SHUTDOWN_EVENT_SIGNALED(57)
[2025-10-02 06:15:05.434] [8170] [HailoRT] [info] [queue_elements.cpp:1131] [execute_deactivate] enqueue() in element MultiPushQEl0YOLOV8-Post-Process was aborted, got status = HAILO_SHUTDOWN_EVENT_SIGNALED(57)
[2025-10-02 06:15:05.434] [8170] [HailoRT] [info] [queue_elements.cpp:1131] [execute_deactivate] enqueue() in element MultiPushQEl0YOLOV8-Post-Process was aborted, got status = HAILO_SHUTDOWN_EVENT_SIGNALED(57)
[2025-10-02 06:15:05.434] [8170] [HailoRT] [info] [queue_elements.cpp:1131] [execute_deactivate] enqueue() in element MultiPushQEl0YOLOV8-Post-Process was aborted, got status = HAILO_SHUTDOWN_EVENT_SIGNALED(57)
[2025-10-02 06:15:05.434] [8170] [HailoRT] [info] [queue_elements.cpp:1131] [execute_deactivate] enqueue() in element MultiPushQEl0YOLOV8-Post-Process was aborted, got status = HAILO_SHUTDOWN_EVENT_SIGNALED(57)
[2025-10-02 06:15:05.434] [8170] [HailoRT] [info] [queue_elements.cpp:1131] [execute_deactivate] enqueue() in element MultiPushQEl0YOLOV8-Post-Process was aborted, got status = HAILO_SHUTDOWN_EVENT_SIGNALED(57)
[2025-10-02 06:15:05.434] [8170] [HailoRT] [info] [queue_elements.cpp:570] [execute_deactivate] enqueue() in element PushQEl7best_v8/input_layer1 was aborted, got status = HAILO_SHUTDOWN_EVENT_SIGNALED(57)
[2025-10-02 06:15:05.434] [8170] [HailoRT] [info] [queue_elements.cpp:570] [execute_deactivate] enqueue() in element EntryPushQEl0best_v8/input_layer1 was aborted, got status = HAILO_SHUTDOWN_EVENT_SIGNALED(57)
[2025-10-02 06:15:05.434] [8170] [HailoRT] [info] [queue_elements.cpp:46] [~BaseQueueElement] Queue element EntryPushQEl0best_v8/input_layer1 has 0 frames in his Queue on destruction
[2025-10-02 06:15:05.434] [8170] [HailoRT] [info] [queue_elements.cpp:46] [~BaseQueueElement] Queue element PushQEl7best_v8/input_layer1 has 0 frames in his Queue on destruction
[2025-10-02 06:15:05.436] [8290] [HailoRT] [info] [vdevice.cpp:424] [listener_run_in_thread] Shutdown event was signaled in listener_run_in_thread
[2025-10-02 06:16:57.021] [8542] [HailoRT] [info] [device.cpp:49] [Device] OS Version: Linux 6.12.47+rpt-rpi-2712 #1 SMP PREEMPT Debian 1:6.12.47-1+rpt1~bookworm (2025-09-16) aarch64
[2025-10-02 06:16:57.024] [8542] [HailoRT] [info] [control.cpp:108] [control__parse_identify_results] firmware_version is: 4.20.0
[2025-10-02 06:16:57.025] [8542] [HailoRT] [info] [control.cpp:108] [control__parse_identify_results] firmware_version is: 4.20.0
[2025-10-02 06:16:57.077] [8542] [HailoRT] [info] [device.cpp:49] [Device] OS Version: Linux 6.12.47+rpt-rpi-2712 #1 SMP PREEMPT Debian 1:6.12.47-1+rpt1~bookworm (2025-09-16) aarch64
[2025-10-02 06:16:57.078] [8542] [HailoRT] [info] [control.cpp:108] [control__parse_identify_results] firmware_version is: 4.20.0
[2025-10-02 06:16:57.079] [8542] [HailoRT] [info] [control.cpp:108] [control__parse_identify_results] firmware_version is: 4.20.0
[2025-10-02 06:16:58.889] [8566] [HailoRT] [info] [device.cpp:49] [Device] OS Version: Linux 6.12.47+rpt-rpi-2712 #1 SMP PREEMPT Debian 1:6.12.47-1+rpt1~bookworm (2025-09-16) aarch64
[2025-10-02 06:16:58.893] [8566] [HailoRT] [info] [control.cpp:108] [control__parse_identify_results] firmware_version is: 4.20.0
[2025-10-02 06:16:58.896] [8566] [HailoRT] [info] [control.cpp:108] [control__parse_identify_results] firmware_version is: 4.20.0
[2025-10-02 06:16:58.938] [8566] [HailoRT] [info] [vdevice.cpp:523] [create] Creating vdevice with params: device_count: 1, scheduling_algorithm: ROUND_ROBIN, multi_process_service: true
[2025-10-02 06:16:59.961] [8566] [HailoRT] [info] [device.cpp:49] [Device] OS Version: Linux 6.12.47+rpt-rpi-2712 #1 SMP PREEMPT Debian 1:6.12.47-1+rpt1~bookworm (2025-09-16) aarch64
[2025-10-02 06:16:59.962] [8566] [HailoRT] [info] [control.cpp:108] [control__parse_identify_results] firmware_version is: 4.20.0
[2025-10-02 06:17:00.034] [8566] [HailoRT] [info] [hef.cpp:1929] [get_network_group_and_network_name] No name was given. Addressing all networks of default network_group: best_v8
[2025-10-02 06:17:00.034] [8566] [HailoRT] [info] [hef.cpp:1929] [get_network_group_and_network_name] No name was given. Addressing all networks of default network_group: best_v8
[2025-10-02 06:17:00.202] [8566] [HailoRT] [info] [infer_model.cpp:436] [configure] Configuring network group 'best_v8' with params: batch size: 1, power mode: ULTRA_PERFORMANCE, latency: NONE
[2025-10-02 06:17:00.203] [8566] [HailoRT] [info] [multi_io_elements.cpp:756] [create] Created (AsyncHwEl)
[2025-10-02 06:17:00.203] [8566] [HailoRT] [info] [queue_elements.cpp:450] [create] Created (EntryPushQEl0best_v8/input_layer1 | timeout: 10s)
[2025-10-02 06:17:00.203] [8566] [HailoRT] [info] [filter_elements.cpp:101] [create] Created (PreInferEl7best_v8/input_layer1 | Reorder - src_order: NHWC, src_shape: (640, 640, 3), dst_order: NHCW, dst_shape: (640, 640, 3))
[2025-10-02 06:17:00.204] [8566] [HailoRT] [info] [queue_elements.cpp:450] [create] Created (PushQEl7best_v8/input_layer1 | timeout: 10s)
[2025-10-02 06:17:00.204] [8566] [HailoRT] [info] [multi_io_elements.cpp:135] [create] Created (NmsPPMuxEl0YOLOV8-Post-Process | Op YOLOV8, Name: YOLOV8-Post-Process, Score threshold: 0.300, IoU threshold: 0.60, Classes: 4, Cross classes: false, NMS results order: BY_CLASS, Max bboxes per class: 100, Image height: 640, Image width: 640)
[2025-10-02 06:17:00.204] [8566] [HailoRT] [info] [queue_elements.cpp:942] [create] Created (MultiPushQEl0YOLOV8-Post-Process | timeout: 10s)
[2025-10-02 06:17:00.204] [8566] [HailoRT] [info] [edge_elements.cpp:187] [create] Created (LastAsyncEl0NmsPPMuxEl0YOLOV8-Post-Process)
[2025-10-02 06:17:00.204] [8566] [HailoRT] [info] [pipeline.cpp:891] [print_deep_description] EntryPushQEl0best_v8/input_layer1 | inputs: user | outputs: PreInferEl7best_v8/input_layer1(running in thread_id: 8617)
[2025-10-02 06:17:00.204] [8566] [HailoRT] [info] [pipeline.cpp:891] [print_deep_description] PreInferEl7best_v8/input_layer1 | inputs: EntryPushQEl0best_v8/input_layer1[0] | outputs: PushQEl7best_v8/input_layer1
[2025-10-02 06:17:00.204] [8566] [HailoRT] [info] [pipeline.cpp:891] [print_deep_description] PushQEl7best_v8/input_layer1 | inputs: PreInferEl7best_v8/input_layer1[0] | outputs: AsyncHwEl(running in thread_id: 8618)
[2025-10-02 06:17:00.204] [8566] [HailoRT] [info] [pipeline.cpp:891] [print_deep_description] AsyncHwEl | inputs: PushQEl7best_v8/input_layer1[0] | outputs: MultiPushQEl0YOLOV8-Post-Process MultiPushQEl0YOLOV8-Post-Process MultiPushQEl0YOLOV8-Post-Process MultiPushQEl0YOLOV8-Post-Process MultiPushQEl0YOLOV8-Post-Process MultiPushQEl0YOLOV8-Post-Process
[2025-10-02 06:17:00.204] [8566] [HailoRT] [info] [pipeline.cpp:891] [print_deep_description] MultiPushQEl0YOLOV8-Post-Process | inputs: AsyncHwEl[0] AsyncHwEl[1] AsyncHwEl[2] AsyncHwEl[3] AsyncHwEl[4] AsyncHwEl[5] | outputs: NmsPPMuxEl0YOLOV8-Post-Process(running in thread_id: 8619)
[2025-10-02 06:17:00.204] [8566] [HailoRT] [info] [pipeline.cpp:891] [print_deep_description] NmsPPMuxEl0YOLOV8-Post-Process | inputs: MultiPushQEl0YOLOV8-Post-Process[0] | outputs: LastAsyncEl0NmsPPMuxEl0YOLOV8-Post-Process
[2025-10-02 06:17:00.204] [8566] [HailoRT] [info] [pipeline.cpp:891] [print_deep_description] LastAsyncEl0NmsPPMuxEl0YOLOV8-Post-Process | inputs: NmsPPMuxEl0YOLOV8-Post-Process[0] | outputs: user
[2025-10-02 06:17:00.205] [8566] [HailoRT] [info] [hef.cpp:1929] [get_network_group_and_network_name] No name was given. Addressing all networks of default network_group: best_v8
[2025-10-02 06:17:00.205] [8566] [HailoRT] [info] [hef.cpp:1929] [get_network_group_and_network_name] No name was given. Addressing all networks of default network_group: best_v8
[2025-10-02 06:17:27.229] [8542] [HailoRT] [info] [async_infer_runner.cpp:86] [shutdown] Pipeline was aborted. Shutting it down
[2025-10-02 06:17:27.230] [8542] [HailoRT] [info] [queue_elements.cpp:1131] [execute_deactivate] enqueue() in element MultiPushQEl0YOLOV8-Post-Process was aborted, got status = HAILO_SHUTDOWN_EVENT_SIGNALED(57)
[2025-10-02 06:17:27.230] [8542] [HailoRT] [info] [queue_elements.cpp:1131] [execute_deactivate] enqueue() in element MultiPushQEl0YOLOV8-Post-Process was aborted, got status = HAILO_SHUTDOWN_EVENT_SIGNALED(57)
[2025-10-02 06:17:27.230] [8542] [HailoRT] [info] [queue_elements.cpp:1131] [execute_deactivate] enqueue() in element MultiPushQEl0YOLOV8-Post-Process was aborted, got status = HAILO_SHUTDOWN_EVENT_SIGNALED(57)
[2025-10-02 06:17:27.230] [8542] [HailoRT] [info] [queue_elements.cpp:1131] [execute_deactivate] enqueue() in element MultiPushQEl0YOLOV8-Post-Process was aborted, got status = HAILO_SHUTDOWN_EVENT_SIGNALED(57)
[2025-10-02 06:17:27.230] [8542] [HailoRT] [info] [queue_elements.cpp:1131] [execute_deactivate] enqueue() in element MultiPushQEl0YOLOV8-Post-Process was aborted, got status = HAILO_SHUTDOWN_EVENT_SIGNALED(57)
[2025-10-02 06:17:27.230] [8542] [HailoRT] [info] [queue_elements.cpp:1131] [execute_deactivate] enqueue() in element MultiPushQEl0YOLOV8-Post-Process was aborted, got status = HAILO_SHUTDOWN_EVENT_SIGNALED(57)
[2025-10-02 06:17:27.230] [8542] [HailoRT] [info] [queue_elements.cpp:570] [execute_deactivate] enqueue() in element PushQEl7best_v8/input_layer1 was aborted, got status = HAILO_SHUTDOWN_EVENT_SIGNALED(57)
[2025-10-02 06:17:27.230] [8542] [HailoRT] [info] [queue_elements.cpp:570] [execute_deactivate] enqueue() in element EntryPushQEl0best_v8/input_layer1 was aborted, got status = HAILO_SHUTDOWN_EVENT_SIGNALED(57)
[2025-10-02 06:17:27.230] [8542] [HailoRT] [info] [queue_elements.cpp:46] [~BaseQueueElement] Queue element EntryPushQEl0best_v8/input_layer1 has 0 frames in his Queue on destruction
[2025-10-02 06:17:27.230] [8542] [HailoRT] [info] [queue_elements.cpp:46] [~BaseQueueElement] Queue element PushQEl7best_v8/input_layer1 has 0 frames in his Queue on destruction
[2025-10-02 06:17:27.233] [8615] [HailoRT] [info] [vdevice.cpp:424] [listener_run_in_thread] Shutdown event was signaled in listener_run_in_thread
[2025-10-02 06:18:56.193] [9107] [HailoRT] [info] [device.cpp:49] [Device] OS Version: Linux 6.12.47+rpt-rpi-2712 #1 SMP PREEMPT Debian 1:6.12.47-1+rpt1~bookworm (2025-09-16) aarch64
[2025-10-02 06:18:56.195] [9107] [HailoRT] [info] [control.cpp:108] [control__parse_identify_results] firmware_version is: 4.20.0
[2025-10-02 06:18:56.196] [9107] [HailoRT] [info] [control.cpp:108] [control__parse_identify_results] firmware_version is: 4.20.0
[2025-10-02 06:18:56.249] [9107] [HailoRT] [info] [device.cpp:49] [Device] OS Version: Linux 6.12.47+rpt-rpi-2712 #1 SMP PREEMPT Debian 1:6.12.47-1+rpt1~bookworm (2025-09-16) aarch64
[2025-10-02 06:18:56.250] [9107] [HailoRT] [info] [control.cpp:108] [control__parse_identify_results] firmware_version is: 4.20.0
[2025-10-02 06:18:56.251] [9107] [HailoRT] [info] [control.cpp:108] [control__parse_identify_results] firmware_version is: 4.20.0
[2025-10-02 06:18:57.988] [9131] [HailoRT] [info] [device.cpp:49] [Device] OS Version: Linux 6.12.47+rpt-rpi-2712 #1 SMP PREEMPT Debian 1:6.12.47-1+rpt1~bookworm (2025-09-16) aarch64
[2025-10-02 06:18:57.990] [9131] [HailoRT] [info] [control.cpp:108] [control__parse_identify_results] firmware_version is: 4.20.0
[2025-10-02 06:18:57.992] [9131] [HailoRT] [info] [control.cpp:108] [control__parse_identify_results] firmware_version is: 4.20.0
[2025-10-02 06:18:58.033] [9131] [HailoRT] [info] [vdevice.cpp:523] [create] Creating vdevice with params: device_count: 1, scheduling_algorithm: ROUND_ROBIN, multi_process_service: true
[2025-10-02 06:18:59.050] [9131] [HailoRT] [info] [device.cpp:49] [Device] OS Version: Linux 6.12.47+rpt-rpi-2712 #1 SMP PREEMPT Debian 1:6.12.47-1+rpt1~bookworm (2025-09-16) aarch64
[2025-10-02 06:18:59.052] [9131] [HailoRT] [info] [control.cpp:108] [control__parse_identify_results] firmware_version is: 4.20.0
[2025-10-02 06:18:59.123] [9131] [HailoRT] [info] [hef.cpp:1929] [get_network_group_and_network_name] No name was given. Addressing all networks of default network_group: best_v8
[2025-10-02 06:18:59.123] [9131] [HailoRT] [info] [hef.cpp:1929] [get_network_group_and_network_name] No name was given. Addressing all networks of default network_group: best_v8
[2025-10-02 06:18:59.266] [9131] [HailoRT] [info] [infer_model.cpp:436] [configure] Configuring network group 'best_v8' with params: batch size: 1, power mode: ULTRA_PERFORMANCE, latency: NONE
[2025-10-02 06:18:59.267] [9131] [HailoRT] [info] [multi_io_elements.cpp:756] [create] Created (AsyncHwEl)
[2025-10-02 06:18:59.267] [9131] [HailoRT] [info] [queue_elements.cpp:450] [create] Created (EntryPushQEl0best_v8/input_layer1 | timeout: 10s)
[2025-10-02 06:18:59.267] [9131] [HailoRT] [info] [filter_elements.cpp:101] [create] Created (PreInferEl7best_v8/input_layer1 | Reorder - src_order: NHWC, src_shape: (640, 640, 3), dst_order: NHCW, dst_shape: (640, 640, 3))
[2025-10-02 06:18:59.267] [9131] [HailoRT] [info] [queue_elements.cpp:450] [create] Created (PushQEl7best_v8/input_layer1 | timeout: 10s)
[2025-10-02 06:18:59.268] [9131] [HailoRT] [info] [multi_io_elements.cpp:135] [create] Created (NmsPPMuxEl0YOLOV8-Post-Process | Op YOLOV8, Name: YOLOV8-Post-Process, Score threshold: 0.300, IoU threshold: 0.60, Classes: 4, Cross classes: false, NMS results order: BY_CLASS, Max bboxes per class: 100, Image height: 640, Image width: 640)
[2025-10-02 06:18:59.268] [9131] [HailoRT] [info] [queue_elements.cpp:942] [create] Created (MultiPushQEl0YOLOV8-Post-Process | timeout: 10s)
[2025-10-02 06:18:59.268] [9131] [HailoRT] [info] [edge_elements.cpp:187] [create] Created (LastAsyncEl0NmsPPMuxEl0YOLOV8-Post-Process)
[2025-10-02 06:18:59.268] [9131] [HailoRT] [info] [pipeline.cpp:891] [print_deep_description] EntryPushQEl0best_v8/input_layer1 | inputs: user | outputs: PreInferEl7best_v8/input_layer1(running in thread_id: 9180)
[2025-10-02 06:18:59.268] [9131] [HailoRT] [info] [pipeline.cpp:891] [print_deep_description] PreInferEl7best_v8/input_layer1 | inputs: EntryPushQEl0best_v8/input_layer1[0] | outputs: PushQEl7best_v8/input_layer1
[2025-10-02 06:18:59.268] [9131] [HailoRT] [info] [pipeline.cpp:891] [print_deep_description] PushQEl7best_v8/input_layer1 | inputs: PreInferEl7best_v8/input_layer1[0] | outputs: AsyncHwEl(running in thread_id: 9181)
[2025-10-02 06:18:59.268] [9131] [HailoRT] [info] [pipeline.cpp:891] [print_deep_description] AsyncHwEl | inputs: PushQEl7best_v8/input_layer1[0] | outputs: MultiPushQEl0YOLOV8-Post-Process MultiPushQEl0YOLOV8-Post-Process MultiPushQEl0YOLOV8-Post-Process MultiPushQEl0YOLOV8-Post-Process MultiPushQEl0YOLOV8-Post-Process MultiPushQEl0YOLOV8-Post-Process
[2025-10-02 06:18:59.268] [9131] [HailoRT] [info] [pipeline.cpp:891] [print_deep_description] MultiPushQEl0YOLOV8-Post-Process | inputs: AsyncHwEl[0] AsyncHwEl[1] AsyncHwEl[2] AsyncHwEl[3] AsyncHwEl[4] AsyncHwEl[5] | outputs: NmsPPMuxEl0YOLOV8-Post-Process(running in thread_id: 9182)
[2025-10-02 06:18:59.268] [9131] [HailoRT] [info] [pipeline.cpp:891] [print_deep_description] NmsPPMuxEl0YOLOV8-Post-Process | inputs: MultiPushQEl0YOLOV8-Post-Process[0] | outputs: LastAsyncEl0NmsPPMuxEl0YOLOV8-Post-Process
[2025-10-02 06:18:59.268] [9131] [HailoRT] [info] [pipeline.cpp:891] [print_deep_description] LastAsyncEl0NmsPPMuxEl0YOLOV8-Post-Process | inputs: NmsPPMuxEl0YOLOV8-Post-Process[0] | outputs: user
[2025-10-02 06:18:59.269] [9131] [HailoRT] [info] [hef.cpp:1929] [get_network_group_and_network_name] No name was given. Addressing all networks of default network_group: best_v8
[2025-10-02 06:18:59.269] [9131] [HailoRT] [info] [hef.cpp:1929] [get_network_group_and_network_name] No name was given. Addressing all networks of default network_group: best_v8
[2025-10-02 06:20:19.496] [9107] [HailoRT] [info] [async_infer_runner.cpp:86] [shutdown] Pipeline was aborted. Shutting it down
[2025-10-02 06:20:19.497] [9107] [HailoRT] [info] [queue_elements.cpp:1131] [execute_deactivate] enqueue() in element MultiPushQEl0YOLOV8-Post-Process was aborted, got status = HAILO_SHUTDOWN_EVENT_SIGNALED(57)
[2025-10-02 06:20:19.497] [9107] [HailoRT] [info] [queue_elements.cpp:1131] [execute_deactivate] enqueue() in element MultiPushQEl0YOLOV8-Post-Process was aborted, got status = HAILO_SHUTDOWN_EVENT_SIGNALED(57)
[2025-10-02 06:20:19.497] [9107] [HailoRT] [info] [queue_elements.cpp:1131] [execute_deactivate] enqueue() in element MultiPushQEl0YOLOV8-Post-Process was aborted, got status = HAILO_SHUTDOWN_EVENT_SIGNALED(57)
[2025-10-02 06:20:19.497] [9107] [HailoRT] [info] [queue_elements.cpp:1131] [execute_deactivate] enqueue() in element MultiPushQEl0YOLOV8-Post-Process was aborted, got status = HAILO_SHUTDOWN_EVENT_SIGNALED(57)
[2025-10-02 06:20:19.497] [9107] [HailoRT] [info] [queue_elements.cpp:1131] [execute_deactivate] enqueue() in element MultiPushQEl0YOLOV8-Post-Process was aborted, got status = HAILO_SHUTDOWN_EVENT_SIGNALED(57)
[2025-10-02 06:20:19.497] [9107] [HailoRT] [info] [queue_elements.cpp:1131] [execute_deactivate] enqueue() in element MultiPushQEl0YOLOV8-Post-Process was aborted, got status = HAILO_SHUTDOWN_EVENT_SIGNALED(57)
[2025-10-02 06:20:19.497] [9107] [HailoRT] [info] [queue_elements.cpp:570] [execute_deactivate] enqueue() in element PushQEl7best_v8/input_layer1 was aborted, got status = HAILO_SHUTDOWN_EVENT_SIGNALED(57)
[2025-10-02 06:20:19.497] [9107] [HailoRT] [info] [queue_elements.cpp:570] [execute_deactivate] enqueue() in element EntryPushQEl0best_v8/input_layer1 was aborted, got status = HAILO_SHUTDOWN_EVENT_SIGNALED(57)
[2025-10-02 06:20:19.497] [9107] [HailoRT] [info] [queue_elements.cpp:46] [~BaseQueueElement] Queue element EntryPushQEl0best_v8/input_layer1 has 0 frames in his Queue on destruction
[2025-10-02 06:20:19.497] [9107] [HailoRT] [info] [queue_elements.cpp:46] [~BaseQueueElement] Queue element PushQEl7best_v8/input_layer1 has 0 frames in his Queue on destruction
[2025-10-02 06:20:19.499] [9178] [HailoRT] [info] [vdevice.cpp:424] [listener_run_in_thread] Shutdown event was signaled in listener_run_in_thread
[2025-10-02 06:22:50.256] [10271] [HailoRT] [info] [device.cpp:49] [Device] OS Version: Linux 6.12.47+rpt-rpi-2712 #1 SMP PREEMPT Debian 1:6.12.47-1+rpt1~bookworm (2025-09-16) aarch64
[2025-10-02 06:22:50.258] [10271] [HailoRT] [info] [control.cpp:108] [control__parse_identify_results] firmware_version is: 4.20.0
[2025-10-02 06:22:50.258] [10271] [HailoRT] [info] [control.cpp:108] [control__parse_identify_results] firmware_version is: 4.20.0
[2025-10-02 06:22:50.312] [10271] [HailoRT] [info] [device.cpp:49] [Device] OS Version: Linux 6.12.47+rpt-rpi-2712 #1 SMP PREEMPT Debian 1:6.12.47-1+rpt1~bookworm (2025-09-16) aarch64
[2025-10-02 06:22:50.313] [10271] [HailoRT] [info] [control.cpp:108] [control__parse_identify_results] firmware_version is: 4.20.0
[2025-10-02 06:22:50.314] [10271] [HailoRT] [info] [control.cpp:108] [control__parse_identify_results] firmware_version is: 4.20.0
[2025-10-02 06:22:52.028] [10295] [HailoRT] [info] [device.cpp:49] [Device] OS Version: Linux 6.12.47+rpt-rpi-2712 #1 SMP PREEMPT Debian 1:6.12.47-1+rpt1~bookworm (2025-09-16) aarch64
[2025-10-02 06:22:52.032] [10295] [HailoRT] [info] [control.cpp:108] [control__parse_identify_results] firmware_version is: 4.20.0
[2025-10-02 06:22:52.035] [10295] [HailoRT] [info] [control.cpp:108] [control__parse_identify_results] firmware_version is: 4.20.0
[2025-10-02 06:22:52.069] [10295] [HailoRT] [info] [vdevice.cpp:523] [create] Creating vdevice with params: device_count: 1, scheduling_algorithm: ROUND_ROBIN, multi_process_service: true
[2025-10-02 06:22:53.087] [10295] [HailoRT] [info] [device.cpp:49] [Device] OS Version: Linux 6.12.47+rpt-rpi-2712 #1 SMP PREEMPT Debian 1:6.12.47-1+rpt1~bookworm (2025-09-16) aarch64
[2025-10-02 06:22:53.088] [10295] [HailoRT] [info] [control.cpp:108] [control__parse_identify_results] firmware_version is: 4.20.0
[2025-10-02 06:22:53.160] [10295] [HailoRT] [info] [hef.cpp:1929] [get_network_group_and_network_name] No name was given. Addressing all networks of default network_group: best_v8
[2025-10-02 06:22:53.160] [10295] [HailoRT] [info] [hef.cpp:1929] [get_network_group_and_network_name] No name was given. Addressing all networks of default network_group: best_v8
[2025-10-02 06:22:53.302] [10295] [HailoRT] [info] [infer_model.cpp:436] [configure] Configuring network group 'best_v8' with params: batch size: 1, power mode: ULTRA_PERFORMANCE, latency: NONE
[2025-10-02 06:22:53.303] [10295] [HailoRT] [info] [multi_io_elements.cpp:756] [create] Created (AsyncHwEl)
[2025-10-02 06:22:53.303] [10295] [HailoRT] [info] [queue_elements.cpp:450] [create] Created (EntryPushQEl0best_v8/input_layer1 | timeout: 10s)
[2025-10-02 06:22:53.303] [10295] [HailoRT] [info] [filter_elements.cpp:101] [create] Created (PreInferEl7best_v8/input_layer1 | Reorder - src_order: NHWC, src_shape: (640, 640, 3), dst_order: NHCW, dst_shape: (640, 640, 3))
[2025-10-02 06:22:53.303] [10295] [HailoRT] [info] [queue_elements.cpp:450] [create] Created (PushQEl7best_v8/input_layer1 | timeout: 10s)
[2025-10-02 06:22:53.304] [10295] [HailoRT] [info] [multi_io_elements.cpp:135] [create] Created (NmsPPMuxEl0YOLOV8-Post-Process | Op YOLOV8, Name: YOLOV8-Post-Process, Score threshold: 0.300, IoU threshold: 0.60, Classes: 4, Cross classes: false, NMS results order: BY_CLASS, Max bboxes per class: 100, Image height: 640, Image width: 640)
[2025-10-02 06:22:53.304] [10295] [HailoRT] [info] [queue_elements.cpp:942] [create] Created (MultiPushQEl0YOLOV8-Post-Process | timeout: 10s)
[2025-10-02 06:22:53.304] [10295] [HailoRT] [info] [edge_elements.cpp:187] [create] Created (LastAsyncEl0NmsPPMuxEl0YOLOV8-Post-Process)
[2025-10-02 06:22:53.304] [10295] [HailoRT] [info] [pipeline.cpp:891] [print_deep_description] EntryPushQEl0best_v8/input_layer1 | inputs: user | outputs: PreInferEl7best_v8/input_layer1(running in thread_id: 10346)
[2025-10-02 06:22:53.304] [10295] [HailoRT] [info] [pipeline.cpp:891] [print_deep_description] PreInferEl7best_v8/input_layer1 | inputs: EntryPushQEl0best_v8/input_layer1[0] | outputs: PushQEl7best_v8/input_layer1
[2025-10-02 06:22:53.304] [10295] [HailoRT] [info] [pipeline.cpp:891] [print_deep_description] PushQEl7best_v8/input_layer1 | inputs: PreInferEl7best_v8/input_layer1[0] | outputs: AsyncHwEl(running in thread_id: 10347)
[2025-10-02 06:22:53.304] [10295] [HailoRT] [info] [pipeline.cpp:891] [print_deep_description] AsyncHwEl | inputs: PushQEl7best_v8/input_layer1[0] | outputs: MultiPushQEl0YOLOV8-Post-Process MultiPushQEl0YOLOV8-Post-Process MultiPushQEl0YOLOV8-Post-Process MultiPushQEl0YOLOV8-Post-Process MultiPushQEl0YOLOV8-Post-Process MultiPushQEl0YOLOV8-Post-Process
[2025-10-02 06:22:53.304] [10295] [HailoRT] [info] [pipeline.cpp:891] [print_deep_description] MultiPushQEl0YOLOV8-Post-Process | inputs: AsyncHwEl[0] AsyncHwEl[1] AsyncHwEl[2] AsyncHwEl[3] AsyncHwEl[4] AsyncHwEl[5] | outputs: NmsPPMuxEl0YOLOV8-Post-Process(running in thread_id: 10348)
[2025-10-02 06:22:53.304] [10295] [HailoRT] [info] [pipeline.cpp:891] [print_deep_description] NmsPPMuxEl0YOLOV8-Post-Process | inputs: MultiPushQEl0YOLOV8-Post-Process[0] | outputs: LastAsyncEl0NmsPPMuxEl0YOLOV8-Post-Process
[2025-10-02 06:22:53.304] [10295] [HailoRT] [info] [pipeline.cpp:891] [print_deep_description] LastAsyncEl0NmsPPMuxEl0YOLOV8-Post-Process | inputs: NmsPPMuxEl0YOLOV8-Post-Process[0] | outputs: user
[2025-10-02 06:22:53.305] [10295] [HailoRT] [info] [hef.cpp:1929] [get_network_group_and_network_name] No name was given. Addressing all networks of default network_group: best_v8
[2025-10-02 06:22:53.305] [10295] [HailoRT] [info] [hef.cpp:1929] [get_network_group_and_network_name] No name was given. Addressing all networks of default network_group: best_v8
[2025-10-02 06:23:29.164] [10271] [HailoRT] [info] [async_infer_runner.cpp:86] [shutdown] Pipeline was aborted. Shutting it down
[2025-10-02 06:23:29.166] [10271] [HailoRT] [info] [queue_elements.cpp:1131] [execute_deactivate] enqueue() in element MultiPushQEl0YOLOV8-Post-Process was aborted, got status = HAILO_SHUTDOWN_EVENT_SIGNALED(57)
[2025-10-02 06:23:29.166] [10271] [HailoRT] [info] [queue_elements.cpp:1131] [execute_deactivate] enqueue() in element MultiPushQEl0YOLOV8-Post-Process was aborted, got status = HAILO_SHUTDOWN_EVENT_SIGNALED(57)
[2025-10-02 06:23:29.166] [10271] [HailoRT] [info] [queue_elements.cpp:1131] [execute_deactivate] enqueue() in element MultiPushQEl0YOLOV8-Post-Process was aborted, got status = HAILO_SHUTDOWN_EVENT_SIGNALED(57)
[2025-10-02 06:23:29.166] [10271] [HailoRT] [info] [queue_elements.cpp:1131] [execute_deactivate] enqueue() in element MultiPushQEl0YOLOV8-Post-Process was aborted, got status = HAILO_SHUTDOWN_EVENT_SIGNALED(57)
[2025-10-02 06:23:29.166] [10271] [HailoRT] [info] [queue_elements.cpp:1131] [execute_deactivate] enqueue() in element MultiPushQEl0YOLOV8-Post-Process was aborted, got status = HAILO_SHUTDOWN_EVENT_SIGNALED(57)
[2025-10-02 06:23:29.166] [10271] [HailoRT] [info] [queue_elements.cpp:1131] [execute_deactivate] enqueue() in element MultiPushQEl0YOLOV8-Post-Process was aborted, got status = HAILO_SHUTDOWN_EVENT_SIGNALED(57)
[2025-10-02 06:23:29.166] [10271] [HailoRT] [info] [queue_elements.cpp:570] [execute_deactivate] enqueue() in element PushQEl7best_v8/input_layer1 was aborted, got status = HAILO_SHUTDOWN_EVENT_SIGNALED(57)
[2025-10-02 06:23:29.166] [10271] [HailoRT] [info] [queue_elements.cpp:570] [execute_deactivate] enqueue() in element EntryPushQEl0best_v8/input_layer1 was aborted, got status = HAILO_SHUTDOWN_EVENT_SIGNALED(57)
[2025-10-02 06:23:29.166] [10271] [HailoRT] [info] [queue_elements.cpp:46] [~BaseQueueElement] Queue element EntryPushQEl0best_v8/input_layer1 has 0 frames in his Queue on destruction
[2025-10-02 06:23:29.166] [10271] [HailoRT] [info] [queue_elements.cpp:46] [~BaseQueueElement] Queue element PushQEl7best_v8/input_layer1 has 0 frames in his Queue on destruction
[2025-10-02 06:23:29.168] [10344] [HailoRT] [info] [vdevice.cpp:424] [listener_run_in_thread] Shutdown event was signaled in listener_run_in_thread
[2025-10-02 06:24:38.021] [10922] [HailoRT] [info] [device.cpp:49] [Device] OS Version: Linux 6.12.47+rpt-rpi-2712 #1 SMP PREEMPT Debian 1:6.12.47-1+rpt1~bookworm (2025-09-16) aarch64
[2025-10-02 06:24:38.026] [10922] [HailoRT] [info] [control.cpp:108] [control__parse_identify_results] firmware_version is: 4.20.0
[2025-10-02 06:24:38.031] [10922] [HailoRT] [info] [control.cpp:108] [control__parse_identify_results] firmware_version is: 4.20.0
[2025-10-02 06:24:38.125] [10922] [HailoRT] [info] [device.cpp:49] [Device] OS Version: Linux 6.12.47+rpt-rpi-2712 #1 SMP PREEMPT Debian 1:6.12.47-1+rpt1~bookworm (2025-09-16) aarch64
[2025-10-02 06:24:38.127] [10922] [HailoRT] [info] [control.cpp:108] [control__parse_identify_results] firmware_version is: 4.20.0
[2025-10-02 06:24:38.129] [10922] [HailoRT] [info] [control.cpp:108] [control__parse_identify_results] firmware_version is: 4.20.0
[2025-10-02 06:24:39.797] [10946] [HailoRT] [info] [device.cpp:49] [Device] OS Version: Linux 6.12.47+rpt-rpi-2712 #1 SMP PREEMPT Debian 1:6.12.47-1+rpt1~bookworm (2025-09-16) aarch64
[2025-10-02 06:24:39.798] [10946] [HailoRT] [info] [control.cpp:108] [control__parse_identify_results] firmware_version is: 4.20.0
[2025-10-02 06:24:39.799] [10946] [HailoRT] [info] [control.cpp:108] [control__parse_identify_results] firmware_version is: 4.20.0
[2025-10-02 06:24:39.829] [10946] [HailoRT] [info] [vdevice.cpp:523] [create] Creating vdevice with params: device_count: 1, scheduling_algorithm: ROUND_ROBIN, multi_process_service: true
[2025-10-02 06:24:40.845] [10946] [HailoRT] [info] [device.cpp:49] [Device] OS Version: Linux 6.12.47+rpt-rpi-2712 #1 SMP PREEMPT Debian 1:6.12.47-1+rpt1~bookworm (2025-09-16) aarch64
[2025-10-02 06:24:40.847] [10946] [HailoRT] [info] [control.cpp:108] [control__parse_identify_results] firmware_version is: 4.20.0
[2025-10-02 06:24:40.919] [10946] [HailoRT] [info] [hef.cpp:1929] [get_network_group_and_network_name] No name was given. Addressing all networks of default network_group: best_v8
[2025-10-02 06:24:40.920] [10946] [HailoRT] [info] [hef.cpp:1929] [get_network_group_and_network_name] No name was given. Addressing all networks of default network_group: best_v8
[2025-10-02 06:24:41.064] [10946] [HailoRT] [info] [infer_model.cpp:436] [configure] Configuring network group 'best_v8' with params: batch size: 1, power mode: ULTRA_PERFORMANCE, latency: NONE
[2025-10-02 06:24:41.065] [10946] [HailoRT] [info] [multi_io_elements.cpp:756] [create] Created (AsyncHwEl)
[2025-10-02 06:24:41.065] [10946] [HailoRT] [info] [queue_elements.cpp:450] [create] Created (EntryPushQEl0best_v8/input_layer1 | timeout: 10s)
[2025-10-02 06:24:41.065] [10946] [HailoRT] [info] [filter_elements.cpp:101] [create] Created (PreInferEl7best_v8/input_layer1 | Reorder - src_order: NHWC, src_shape: (640, 640, 3), dst_order: NHCW, dst_shape: (640, 640, 3))
[2025-10-02 06:24:41.066] [10946] [HailoRT] [info] [queue_elements.cpp:450] [create] Created (PushQEl7best_v8/input_layer1 | timeout: 10s)
[2025-10-02 06:24:41.070] [10946] [HailoRT] [info] [multi_io_elements.cpp:135] [create] Created (NmsPPMuxEl0YOLOV8-Post-Process | Op YOLOV8, Name: YOLOV8-Post-Process, Score threshold: 0.300, IoU threshold: 0.60, Classes: 4, Cross classes: false, NMS results order: BY_CLASS, Max bboxes per class: 100, Image height: 640, Image width: 640)
[2025-10-02 06:24:41.072] [10946] [HailoRT] [info] [queue_elements.cpp:942] [create] Created (MultiPushQEl0YOLOV8-Post-Process | timeout: 10s)
[2025-10-02 06:24:41.072] [10946] [HailoRT] [info] [edge_elements.cpp:187] [create] Created (LastAsyncEl0NmsPPMuxEl0YOLOV8-Post-Process)
[2025-10-02 06:24:41.072] [10946] [HailoRT] [info] [pipeline.cpp:891] [print_deep_description] EntryPushQEl0best_v8/input_layer1 | inputs: user | outputs: PreInferEl7best_v8/input_layer1(running in thread_id: 10997)
[2025-10-02 06:24:41.072] [10946] [HailoRT] [info] [pipeline.cpp:891] [print_deep_description] PreInferEl7best_v8/input_layer1 | inputs: EntryPushQEl0best_v8/input_layer1[0] | outputs: PushQEl7best_v8/input_layer1
[2025-10-02 06:24:41.072] [10946] [HailoRT] [info] [pipeline.cpp:891] [print_deep_description] PushQEl7best_v8/input_layer1 | inputs: PreInferEl7best_v8/input_layer1[0] | outputs: AsyncHwEl(running in thread_id: 10998)
[2025-10-02 06:24:41.072] [10946] [HailoRT] [info] [pipeline.cpp:891] [print_deep_description] AsyncHwEl | inputs: PushQEl7best_v8/input_layer1[0] | outputs: MultiPushQEl0YOLOV8-Post-Process MultiPushQEl0YOLOV8-Post-Process MultiPushQEl0YOLOV8-Post-Process MultiPushQEl0YOLOV8-Post-Process MultiPushQEl0YOLOV8-Post-Process MultiPushQEl0YOLOV8-Post-Process
[2025-10-02 06:24:41.072] [10946] [HailoRT] [info] [pipeline.cpp:891] [print_deep_description] MultiPushQEl0YOLOV8-Post-Process | inputs: AsyncHwEl[0] AsyncHwEl[1] AsyncHwEl[2] AsyncHwEl[3] AsyncHwEl[4] AsyncHwEl[5] | outputs: NmsPPMuxEl0YOLOV8-Post-Process(running in thread_id: 10999)
[2025-10-02 06:24:41.072] [10946] [HailoRT] [info] [pipeline.cpp:891] [print_deep_description] NmsPPMuxEl0YOLOV8-Post-Process | inputs: MultiPushQEl0YOLOV8-Post-Process[0] | outputs: LastAsyncEl0NmsPPMuxEl0YOLOV8-Post-Process
[2025-10-02 06:24:41.072] [10946] [HailoRT] [info] [pipeline.cpp:891] [print_deep_description] LastAsyncEl0NmsPPMuxEl0YOLOV8-Post-Process | inputs: NmsPPMuxEl0YOLOV8-Post-Process[0] | outputs: user
[2025-10-02 06:24:41.072] [10946] [HailoRT] [info] [hef.cpp:1929] [get_network_group_and_network_name] No name was given. Addressing all networks of default network_group: best_v8
[2025-10-02 06:24:41.072] [10946] [HailoRT] [info] [hef.cpp:1929] [get_network_group_and_network_name] No name was given. Addressing all networks of default network_group: best_v8
[2025-10-02 06:24:51.959] [10922] [HailoRT] [info] [async_infer_runner.cpp:86] [shutdown] Pipeline was aborted. Shutting it down
[2025-10-02 06:24:51.960] [10922] [HailoRT] [info] [queue_elements.cpp:1131] [execute_deactivate] enqueue() in element MultiPushQEl0YOLOV8-Post-Process was aborted, got status = HAILO_SHUTDOWN_EVENT_SIGNALED(57)
[2025-10-02 06:24:51.960] [10922] [HailoRT] [info] [queue_elements.cpp:1131] [execute_deactivate] enqueue() in element MultiPushQEl0YOLOV8-Post-Process was aborted, got status = HAILO_SHUTDOWN_EVENT_SIGNALED(57)
[2025-10-02 06:24:51.960] [10922] [HailoRT] [info] [queue_elements.cpp:1131] [execute_deactivate] enqueue() in element MultiPushQEl0YOLOV8-Post-Process was aborted, got status = HAILO_SHUTDOWN_EVENT_SIGNALED(57)
[2025-10-02 06:24:51.960] [10922] [HailoRT] [info] [queue_elements.cpp:1131] [execute_deactivate] enqueue() in element MultiPushQEl0YOLOV8-Post-Process was aborted, got status = HAILO_SHUTDOWN_EVENT_SIGNALED(57)
[2025-10-02 06:24:51.960] [10922] [HailoRT] [info] [queue_elements.cpp:1131] [execute_deactivate] enqueue() in element MultiPushQEl0YOLOV8-Post-Process was aborted, got status = HAILO_SHUTDOWN_EVENT_SIGNALED(57)
[2025-10-02 06:24:51.960] [10922] [HailoRT] [info] [queue_elements.cpp:1131] [execute_deactivate] enqueue() in element MultiPushQEl0YOLOV8-Post-Process was aborted, got status = HAILO_SHUTDOWN_EVENT_SIGNALED(57)
[2025-10-02 06:24:51.960] [10922] [HailoRT] [info] [queue_elements.cpp:570] [execute_deactivate] enqueue() in element PushQEl7best_v8/input_layer1 was aborted, got status = HAILO_SHUTDOWN_EVENT_SIGNALED(57)
[2025-10-02 06:24:51.960] [10922] [HailoRT] [info] [queue_elements.cpp:570] [execute_deactivate] enqueue() in element EntryPushQEl0best_v8/input_layer1 was aborted, got status = HAILO_SHUTDOWN_EVENT_SIGNALED(57)
[2025-10-02 06:24:51.960] [10922] [HailoRT] [info] [queue_elements.cpp:46] [~BaseQueueElement] Queue element EntryPushQEl0best_v8/input_layer1 has 0 frames in his Queue on destruction
[2025-10-02 06:24:51.961] [10922] [HailoRT] [info] [queue_elements.cpp:46] [~BaseQueueElement] Queue element PushQEl7best_v8/input_layer1 has 0 frames in his Queue on destruction
[2025-10-02 06:24:51.963] [10995] [HailoRT] [info] [vdevice.cpp:424] [listener_run_in_thread] Shutdown event was signaled in listener_run_in_thread
[2025-10-02 06:26:04.186] [11322] [HailoRT] [info] [device.cpp:49] [Device] OS Version: Linux 6.12.47+rpt-rpi-2712 #1 SMP PREEMPT Debian 1:6.12.47-1+rpt1~bookworm (2025-09-16) aarch64
[2025-10-02 06:26:04.188] [11322] [HailoRT] [info] [control.cpp:108] [control__parse_identify_results] firmware_version is: 4.20.0
[2025-10-02 06:26:04.189] [11322] [HailoRT] [info] [control.cpp:108] [control__parse_identify_results] firmware_version is: 4.20.0
[2025-10-02 06:26:04.244] [11322] [HailoRT] [info] [device.cpp:49] [Device] OS Version: Linux 6.12.47+rpt-rpi-2712 #1 SMP PREEMPT Debian 1:6.12.47-1+rpt1~bookworm (2025-09-16) aarch64
[2025-10-02 06:26:04.246] [11322] [HailoRT] [info] [control.cpp:108] [control__parse_identify_results] firmware_version is: 4.20.0
[2025-10-02 06:26:04.246] [11322] [HailoRT] [info] [control.cpp:108] [control__parse_identify_results] firmware_version is: 4.20.0
[2025-10-02 06:26:05.861] [11346] [HailoRT] [info] [device.cpp:49] [Device] OS Version: Linux 6.12.47+rpt-rpi-2712 #1 SMP PREEMPT Debian 1:6.12.47-1+rpt1~bookworm (2025-09-16) aarch64
[2025-10-02 06:26:05.863] [11346] [HailoRT] [info] [control.cpp:108] [control__parse_identify_results] firmware_version is: 4.20.0
[2025-10-02 06:26:05.865] [11346] [HailoRT] [info] [control.cpp:108] [control__parse_identify_results] firmware_version is: 4.20.0
[2025-10-02 06:26:05.901] [11346] [HailoRT] [info] [vdevice.cpp:523] [create] Creating vdevice with params: device_count: 1, scheduling_algorithm: ROUND_ROBIN, multi_process_service: true
[2025-10-02 06:26:06.918] [11346] [HailoRT] [info] [device.cpp:49] [Device] OS Version: Linux 6.12.47+rpt-rpi-2712 #1 SMP PREEMPT Debian 1:6.12.47-1+rpt1~bookworm (2025-09-16) aarch64
[2025-10-02 06:26:06.919] [11346] [HailoRT] [info] [control.cpp:108] [control__parse_identify_results] firmware_version is: 4.20.0
[2025-10-02 06:26:06.993] [11346] [HailoRT] [info] [hef.cpp:1929] [get_network_group_and_network_name] No name was given. Addressing all networks of default network_group: best_v8
[2025-10-02 06:26:06.993] [11346] [HailoRT] [info] [hef.cpp:1929] [get_network_group_and_network_name] No name was given. Addressing all networks of default network_group: best_v8
[2025-10-02 06:26:07.137] [11346] [HailoRT] [info] [infer_model.cpp:436] [configure] Configuring network group 'best_v8' with params: batch size: 1, power mode: ULTRA_PERFORMANCE, latency: NONE
[2025-10-02 06:26:07.137] [11346] [HailoRT] [info] [multi_io_elements.cpp:756] [create] Created (AsyncHwEl)
[2025-10-02 06:26:07.138] [11346] [HailoRT] [info] [queue_elements.cpp:450] [create] Created (EntryPushQEl0best_v8/input_layer1 | timeout: 10s)
[2025-10-02 06:26:07.138] [11346] [HailoRT] [info] [filter_elements.cpp:101] [create] Created (PreInferEl7best_v8/input_layer1 | Reorder - src_order: NHWC, src_shape: (640, 640, 3), dst_order: NHCW, dst_shape: (640, 640, 3))
[2025-10-02 06:26:07.138] [11346] [HailoRT] [info] [queue_elements.cpp:450] [create] Created (PushQEl7best_v8/input_layer1 | timeout: 10s)
[2025-10-02 06:26:07.139] [11346] [HailoRT] [info] [multi_io_elements.cpp:135] [create] Created (NmsPPMuxEl0YOLOV8-Post-Process | Op YOLOV8, Name: YOLOV8-Post-Process, Score threshold: 0.300, IoU threshold: 0.60, Classes: 4, Cross classes: false, NMS results order: BY_CLASS, Max bboxes per class: 100, Image height: 640, Image width: 640)
[2025-10-02 06:26:07.139] [11346] [HailoRT] [info] [queue_elements.cpp:942] [create] Created (MultiPushQEl0YOLOV8-Post-Process | timeout: 10s)
[2025-10-02 06:26:07.139] [11346] [HailoRT] [info] [edge_elements.cpp:187] [create] Created (LastAsyncEl0NmsPPMuxEl0YOLOV8-Post-Process)
[2025-10-02 06:26:07.139] [11346] [HailoRT] [info] [pipeline.cpp:891] [print_deep_description] EntryPushQEl0best_v8/input_layer1 | inputs: user | outputs: PreInferEl7best_v8/input_layer1(running in thread_id: 11397)
[2025-10-02 06:26:07.139] [11346] [HailoRT] [info] [pipeline.cpp:891] [print_deep_description] PreInferEl7best_v8/input_layer1 | inputs: EntryPushQEl0best_v8/input_layer1[0] | outputs: PushQEl7best_v8/input_layer1
[2025-10-02 06:26:07.139] [11346] [HailoRT] [info] [pipeline.cpp:891] [print_deep_description] PushQEl7best_v8/input_layer1 | inputs: PreInferEl7best_v8/input_layer1[0] | outputs: AsyncHwEl(running in thread_id: 11398)
[2025-10-02 06:26:07.139] [11346] [HailoRT] [info] [pipeline.cpp:891] [print_deep_description] AsyncHwEl | inputs: PushQEl7best_v8/input_layer1[0] | outputs: MultiPushQEl0YOLOV8-Post-Process MultiPushQEl0YOLOV8-Post-Process MultiPushQEl0YOLOV8-Post-Process MultiPushQEl0YOLOV8-Post-Process MultiPushQEl0YOLOV8-Post-Process MultiPushQEl0YOLOV8-Post-Process
[2025-10-02 06:26:07.139] [11346] [HailoRT] [info] [pipeline.cpp:891] [print_deep_description] MultiPushQEl0YOLOV8-Post-Process | inputs: AsyncHwEl[0] AsyncHwEl[1] AsyncHwEl[2] AsyncHwEl[3] AsyncHwEl[4] AsyncHwEl[5] | outputs: NmsPPMuxEl0YOLOV8-Post-Process(running in thread_id: 11399)
[2025-10-02 06:26:07.139] [11346] [HailoRT] [info] [pipeline.cpp:891] [print_deep_description] NmsPPMuxEl0YOLOV8-Post-Process | inputs: MultiPushQEl0YOLOV8-Post-Process[0] | outputs: LastAsyncEl0NmsPPMuxEl0YOLOV8-Post-Process
[2025-10-02 06:26:07.139] [11346] [HailoRT] [info] [pipeline.cpp:891] [print_deep_description] LastAsyncEl0NmsPPMuxEl0YOLOV8-Post-Process | inputs: NmsPPMuxEl0YOLOV8-Post-Process[0] | outputs: user
[2025-10-02 06:26:07.140] [11346] [HailoRT] [info] [hef.cpp:1929] [get_network_group_and_network_name] No name was given. Addressing all networks of default network_group: best_v8
[2025-10-02 06:26:07.140] [11346] [HailoRT] [info] [hef.cpp:1929] [get_network_group_and_network_name] No name was given. Addressing all networks of default network_group: best_v8
[2025-10-02 06:32:37.609] [11322] [HailoRT] [info] [async_infer_runner.cpp:86] [shutdown] Pipeline was aborted. Shutting it down
[2025-10-02 06:32:37.611] [11322] [HailoRT] [info] [queue_elements.cpp:1131] [execute_deactivate] enqueue() in element MultiPushQEl0YOLOV8-Post-Process was aborted, got status = HAILO_SHUTDOWN_EVENT_SIGNALED(57)
[2025-10-02 06:32:37.611] [11322] [HailoRT] [info] [queue_elements.cpp:1131] [execute_deactivate] enqueue() in element MultiPushQEl0YOLOV8-Post-Process was aborted, got status = HAILO_SHUTDOWN_EVENT_SIGNALED(57)
[2025-10-02 06:32:37.611] [11322] [HailoRT] [info] [queue_elements.cpp:1131] [execute_deactivate] enqueue() in element MultiPushQEl0YOLOV8-Post-Process was aborted, got status = HAILO_SHUTDOWN_EVENT_SIGNALED(57)
[2025-10-02 06:32:37.611] [11322] [HailoRT] [info] [queue_elements.cpp:1131] [execute_deactivate] enqueue() in element MultiPushQEl0YOLOV8-Post-Process was aborted, got status = HAILO_SHUTDOWN_EVENT_SIGNALED(57)
[2025-10-02 06:32:37.611] [11322] [HailoRT] [info] [queue_elements.cpp:1131] [execute_deactivate] enqueue() in element MultiPushQEl0YOLOV8-Post-Process was aborted, got status = HAILO_SHUTDOWN_EVENT_SIGNALED(57)
[2025-10-02 06:32:37.611] [11322] [HailoRT] [info] [queue_elements.cpp:1131] [execute_deactivate] enqueue() in element MultiPushQEl0YOLOV8-Post-Process was aborted, got status = HAILO_SHUTDOWN_EVENT_SIGNALED(57)
[2025-10-02 06:32:37.611] [11322] [HailoRT] [info] [queue_elements.cpp:570] [execute_deactivate] enqueue() in element PushQEl7best_v8/input_layer1 was aborted, got status = HAILO_SHUTDOWN_EVENT_SIGNALED(57)
[2025-10-02 06:32:37.611] [11322] [HailoRT] [info] [queue_elements.cpp:570] [execute_deactivate] enqueue() in element EntryPushQEl0best_v8/input_layer1 was aborted, got status = HAILO_SHUTDOWN_EVENT_SIGNALED(57)
[2025-10-02 06:32:37.611] [11322] [HailoRT] [info] [queue_elements.cpp:46] [~BaseQueueElement] Queue element EntryPushQEl0best_v8/input_layer1 has 0 frames in his Queue on destruction
[2025-10-02 06:32:37.611] [11322] [HailoRT] [info] [queue_elements.cpp:46] [~BaseQueueElement] Queue element PushQEl7best_v8/input_layer1 has 0 frames in his Queue on destruction
[2025-10-02 06:32:37.613] [11395] [HailoRT] [info] [vdevice.cpp:424] [listener_run_in_thread] Shutdown event was signaled in listener_run_in_thread
[2025-10-02 06:42:05.201] [16269] [HailoRT] [info] [device.cpp:49] [Device] OS Version: Linux 6.12.47+rpt-rpi-2712 #1 SMP PREEMPT Debian 1:6.12.47-1+rpt1~bookworm (2025-09-16) aarch64
[2025-10-02 06:42:05.203] [16269] [HailoRT] [info] [control.cpp:108] [control__parse_identify_results] firmware_version is: 4.20.0
[2025-10-02 06:42:05.204] [16269] [HailoRT] [info] [control.cpp:108] [control__parse_identify_results] firmware_version is: 4.20.0
[2025-10-02 06:42:05.272] [16269] [HailoRT] [info] [device.cpp:49] [Device] OS Version: Linux 6.12.47+rpt-rpi-2712 #1 SMP PREEMPT Debian 1:6.12.47-1+rpt1~bookworm (2025-09-16) aarch64
[2025-10-02 06:42:05.273] [16269] [HailoRT] [info] [control.cpp:108] [control__parse_identify_results] firmware_version is: 4.20.0
[2025-10-02 06:42:05.274] [16269] [HailoRT] [info] [control.cpp:108] [control__parse_identify_results] firmware_version is: 4.20.0
[2025-10-02 06:42:07.069] [16293] [HailoRT] [info] [device.cpp:49] [Device] OS Version: Linux 6.12.47+rpt-rpi-2712 #1 SMP PREEMPT Debian 1:6.12.47-1+rpt1~bookworm (2025-09-16) aarch64
[2025-10-02 06:42:07.071] [16293] [HailoRT] [info] [control.cpp:108] [control__parse_identify_results] firmware_version is: 4.20.0
[2025-10-02 06:42:07.072] [16293] [HailoRT] [info] [control.cpp:108] [control__parse_identify_results] firmware_version is: 4.20.0
[2025-10-02 06:42:07.109] [16293] [HailoRT] [info] [vdevice.cpp:523] [create] Creating vdevice with params: device_count: 1, scheduling_algorithm: ROUND_ROBIN, multi_process_service: true
[2025-10-02 06:42:08.126] [16293] [HailoRT] [info] [device.cpp:49] [Device] OS Version: Linux 6.12.47+rpt-rpi-2712 #1 SMP PREEMPT Debian 1:6.12.47-1+rpt1~bookworm (2025-09-16) aarch64
[2025-10-02 06:42:08.127] [16293] [HailoRT] [info] [control.cpp:108] [control__parse_identify_results] firmware_version is: 4.20.0
[2025-10-02 06:42:08.199] [16293] [HailoRT] [info] [hef.cpp:1929] [get_network_group_and_network_name] No name was given. Addressing all networks of default network_group: best_v8
[2025-10-02 06:42:08.199] [16293] [HailoRT] [info] [hef.cpp:1929] [get_network_group_and_network_name] No name was given. Addressing all networks of default network_group: best_v8
[2025-10-02 06:42:08.339] [16293] [HailoRT] [info] [infer_model.cpp:436] [configure] Configuring network group 'best_v8' with params: batch size: 1, power mode: ULTRA_PERFORMANCE, latency: NONE
[2025-10-02 06:42:08.340] [16293] [HailoRT] [info] [multi_io_elements.cpp:756] [create] Created (AsyncHwEl)
[2025-10-02 06:42:08.341] [16293] [HailoRT] [info] [queue_elements.cpp:450] [create] Created (EntryPushQEl0best_v8/input_layer1 | timeout: 10s)
[2025-10-02 06:42:08.341] [16293] [HailoRT] [info] [filter_elements.cpp:101] [create] Created (PreInferEl7best_v8/input_layer1 | Reorder - src_order: NHWC, src_shape: (640, 640, 3), dst_order: NHCW, dst_shape: (640, 640, 3))
[2025-10-02 06:42:08.341] [16293] [HailoRT] [info] [queue_elements.cpp:450] [create] Created (PushQEl7best_v8/input_layer1 | timeout: 10s)
[2025-10-02 06:42:08.342] [16293] [HailoRT] [info] [multi_io_elements.cpp:135] [create] Created (NmsPPMuxEl0YOLOV8-Post-Process | Op YOLOV8, Name: YOLOV8-Post-Process, Score threshold: 0.300, IoU threshold: 0.60, Classes: 4, Cross classes: false, NMS results order: BY_CLASS, Max bboxes per class: 100, Image height: 640, Image width: 640)
[2025-10-02 06:42:08.342] [16293] [HailoRT] [info] [queue_elements.cpp:942] [create] Created (MultiPushQEl0YOLOV8-Post-Process | timeout: 10s)
[2025-10-02 06:42:08.342] [16293] [HailoRT] [info] [edge_elements.cpp:187] [create] Created (LastAsyncEl0NmsPPMuxEl0YOLOV8-Post-Process)
[2025-10-02 06:42:08.342] [16293] [HailoRT] [info] [pipeline.cpp:891] [print_deep_description] EntryPushQEl0best_v8/input_layer1 | inputs: user | outputs: PreInferEl7best_v8/input_layer1(running in thread_id: 16359)
[2025-10-02 06:42:08.342] [16293] [HailoRT] [info] [pipeline.cpp:891] [print_deep_description] PreInferEl7best_v8/input_layer1 | inputs: EntryPushQEl0best_v8/input_layer1[0] | outputs: PushQEl7best_v8/input_layer1
[2025-10-02 06:42:08.342] [16293] [HailoRT] [info] [pipeline.cpp:891] [print_deep_description] PushQEl7best_v8/input_layer1 | inputs: PreInferEl7best_v8/input_layer1[0] | outputs: AsyncHwEl(running in thread_id: 16360)
[2025-10-02 06:42:08.342] [16293] [HailoRT] [info] [pipeline.cpp:891] [print_deep_description] AsyncHwEl | inputs: PushQEl7best_v8/input_layer1[0] | outputs: MultiPushQEl0YOLOV8-Post-Process MultiPushQEl0YOLOV8-Post-Process MultiPushQEl0YOLOV8-Post-Process MultiPushQEl0YOLOV8-Post-Process MultiPushQEl0YOLOV8-Post-Process MultiPushQEl0YOLOV8-Post-Process
[2025-10-02 06:42:08.342] [16293] [HailoRT] [info] [pipeline.cpp:891] [print_deep_description] MultiPushQEl0YOLOV8-Post-Process | inputs: AsyncHwEl[0] AsyncHwEl[1] AsyncHwEl[2] AsyncHwEl[3] AsyncHwEl[4] AsyncHwEl[5] | outputs: NmsPPMuxEl0YOLOV8-Post-Process(running in thread_id: 16361)
[2025-10-02 06:42:08.342] [16293] [HailoRT] [info] [pipeline.cpp:891] [print_deep_description] NmsPPMuxEl0YOLOV8-Post-Process | inputs: MultiPushQEl0YOLOV8-Post-Process[0] | outputs: LastAsyncEl0NmsPPMuxEl0YOLOV8-Post-Process
[2025-10-02 06:42:08.342] [16293] [HailoRT] [info] [pipeline.cpp:891] [print_deep_description] LastAsyncEl0NmsPPMuxEl0YOLOV8-Post-Process | inputs: NmsPPMuxEl0YOLOV8-Post-Process[0] | outputs: user
[2025-10-02 06:42:08.343] [16293] [HailoRT] [info] [hef.cpp:1929] [get_network_group_and_network_name] No name was given. Addressing all networks of default network_group: best_v8
[2025-10-02 06:42:08.343] [16293] [HailoRT] [info] [hef.cpp:1929] [get_network_group_and_network_name] No name was given. Addressing all networks of default network_group: best_v8
[2025-10-02 06:42:57.278] [16269] [HailoRT] [info] [async_infer_runner.cpp:86] [shutdown] Pipeline was aborted. Shutting it down
[2025-10-02 06:42:57.279] [16269] [HailoRT] [info] [queue_elements.cpp:1131] [execute_deactivate] enqueue() in element MultiPushQEl0YOLOV8-Post-Process was aborted, got status = HAILO_SHUTDOWN_EVENT_SIGNALED(57)
[2025-10-02 06:42:57.279] [16269] [HailoRT] [info] [queue_elements.cpp:1131] [execute_deactivate] enqueue() in element MultiPushQEl0YOLOV8-Post-Process was aborted, got status = HAILO_SHUTDOWN_EVENT_SIGNALED(57)
[2025-10-02 06:42:57.279] [16269] [HailoRT] [info] [queue_elements.cpp:1131] [execute_deactivate] enqueue() in element MultiPushQEl0YOLOV8-Post-Process was aborted, got status = HAILO_SHUTDOWN_EVENT_SIGNALED(57)
[2025-10-02 06:42:57.279] [16269] [HailoRT] [info] [queue_elements.cpp:1131] [execute_deactivate] enqueue() in element MultiPushQEl0YOLOV8-Post-Process was aborted, got status = HAILO_SHUTDOWN_EVENT_SIGNALED(57)
[2025-10-02 06:42:57.279] [16269] [HailoRT] [info] [queue_elements.cpp:1131] [execute_deactivate] enqueue() in element MultiPushQEl0YOLOV8-Post-Process was aborted, got status = HAILO_SHUTDOWN_EVENT_SIGNALED(57)
[2025-10-02 06:42:57.279] [16269] [HailoRT] [info] [queue_elements.cpp:1131] [execute_deactivate] enqueue() in element MultiPushQEl0YOLOV8-Post-Process was aborted, got status = HAILO_SHUTDOWN_EVENT_SIGNALED(57)
[2025-10-02 06:42:57.279] [16269] [HailoRT] [info] [queue_elements.cpp:570] [execute_deactivate] enqueue() in element PushQEl7best_v8/input_layer1 was aborted, got status = HAILO_SHUTDOWN_EVENT_SIGNALED(57)
[2025-10-02 06:42:57.279] [16269] [HailoRT] [info] [queue_elements.cpp:570] [execute_deactivate] enqueue() in element EntryPushQEl0best_v8/input_layer1 was aborted, got status = HAILO_SHUTDOWN_EVENT_SIGNALED(57)
[2025-10-02 06:42:57.279] [16269] [HailoRT] [info] [queue_elements.cpp:46] [~BaseQueueElement] Queue element EntryPushQEl0best_v8/input_layer1 has 0 frames in his Queue on destruction
[2025-10-02 06:42:57.279] [16269] [HailoRT] [info] [queue_elements.cpp:46] [~BaseQueueElement] Queue element PushQEl7best_v8/input_layer1 has 0 frames in his Queue on destruction
[2025-10-02 06:42:57.282] [16357] [HailoRT] [info] [vdevice.cpp:424] [listener_run_in_thread] Shutdown event was signaled in listener_run_in_thread
